ARM Linker, 5.03 [Build 69] [MDK-ARM Professional]

==============================================================================

Section Cross References

    table.o(RESET) refers to m4.o(STACK) for __initial_sp
    table.o(RESET) refers to m4.o(M4) for Reset_Handler


==============================================================================

Image Symbol Table

    Local Symbols

    Symbol Name                              Value     Ov Type        Size  Object(Section)

    M4.s                                     0x00000000   Number         0  m4.o ABSOLUTE
    table.s                                  0x00000000   Number         0  table.o ABSOLUTE
    STACK                                    0x10000000   Section     1024  m4.o(STACK)
    RESET                                    0x1b000000   Section       72  table.o(RESET)
    M4                                       0x1b000048   Section       76  m4.o(M4)
    $v0                                      0x1b000048   Number         0  m4.o(M4)

    Global Symbols

    Symbol Name                              Value     Ov Type        Size  Object(Section)

    BuildAttributes$$THM_ISAv4$E$P$D$K$B$S$7EM$VFPi3$EXTD16$VFPS$VFMA$PE$A:L22UL41UL21$X:L11$S22US41US21$IEEE1$IW$USESV6$~STKCKD$USESV7$~SHL$OSPACE$EBA8$STANDARDLIB$PRES8$EABIv2 0x00000000   Number         0  anon$$obj.o ABSOLUTE
    __initial_sp                             0x10000400   Data           0  m4.o(STACK)
    Reset_Handler                            0x1b000049   Thumb Code    44  m4.o(M4)
    NMI_Handler                              0x1b000075   Thumb Code     2  m4.o(M4)
    HardFault_Handler                        0x1b000077   Thumb Code     2  m4.o(M4)
    MemManage_Handler                        0x1b000079   Thumb Code     2  m4.o(M4)
    BusFault_Handler                         0x1b00007b   Thumb Code     2  m4.o(M4)
    UsageFault_Handler                       0x1b00007d   Thumb Code     2  m4.o(M4)
    SVC_Handler                              0x1b00007f   Thumb Code     2  m4.o(M4)
    DebugMon_Handler                         0x1b000081   Thumb Code     2  m4.o(M4)
    PendSV_Handler                           0x1b000083   Thumb Code     2  m4.o(M4)
    SysTick_Handler                          0x1b000085   Thumb Code     2  m4.o(M4)
    DAC_IRQHandler                           0x1b000087   Thumb Code     2  m4.o(M4)
    IPC_Slave2Master_IRQHandler              0x1b000089   Thumb Code     2  m4.o(M4)
    Sign_Value                               0x5a5a5a5a   Number         0  m4.o ABSOLUTE



==============================================================================

Memory Map of the image

  Image Entry point : 0x1b000049

  Load Region LR_IROM2 (Base: 0x1b000000, Size: 0x00000094, Max: 0x00080000, ABSOLUTE)

    Execution Region RW_IRAM1 (Base: 0x10000000, Size: 0x00000400, Max: 0x00008000, ABSOLUTE)

    Base Addr    Size         Type   Attr      Idx    E Section Name        Object

    0x10000000   0x00000400   Zero   RW            1    STACK               m4.o


    Execution Region ER_IROM2 (Base: 0x1b000000, Size: 0x00000094, Max: 0x00080000, ABSOLUTE)

    Base Addr    Size         Type   Attr      Idx    E Section Name        Object

    0x1b000000   0x00000048   Code   RO            8    RESET               table.o
    0x1b000048   0x0000004c   Code   RO            2  * M4                  m4.o


==============================================================================

Image component sizes


      Code (inc. data)   RO Data    RW Data    ZI Data      Debug   Object Name

        76         10          0          0       1024        792   m4.o
        72         72          0          0          0        112   table.o

    ----------------------------------------------------------------------
       148         82          0          0       1024        904   Object Totals
         0          0          0          0          0          0   (incl. Generated)
         0          0          0          0          0          0   (incl. Padding)

    ----------------------------------------------------------------------
         0          0          0          0          0          0   Library Totals
         0          0          0          0          0          0   (incl. Padding)

    ----------------------------------------------------------------------

==============================================================================


      Code (inc. data)   RO Data    RW Data    ZI Data      Debug   

       148         82          0          0       1024        904   Grand Totals
       148         82          0          0       1024        904   ELF Image Totals
       148         82          0          0          0          0   ROM Totals

==============================================================================

    Total RO  Size (Code + RO Data)                  148 (   0.14kB)
    Total RW  Size (RW Data + ZI Data)              1024 (   1.00kB)
    Total ROM Size (Code + RO Data + RW Data)        148 (   0.14kB)

==============================================================================

