<html>
<body>
<pre>
<h1>µVision Build Log</h1>
<h2>Project:</h2>
E:\Projects\SGPIO8bitTransmitterFast\sgpio.uvproj
Project File Date:  05/03/2017

<h2>Output:</h2>
Rebuild target 'Target 1'
assembling sgpio.s...
assembling table.s...
linking...
sgpio.sct(8): warning: L6314W: No section matches pattern *(InRoot$$Sections).
Program Size: Code=388 RO-data=0 RW-data=0 ZI-data=0  
User command #1: C:\Keil\\ARM\BIN\ELFDWT.EXE .\sgpio.axf BASEADDRESS(0x1A000000)
ELFDWT - Signature Creator V1.1
COPYRIGHT Keil - An ARM Company, Copyright (C) 2012
*** Updated Signature over Range[32] (0x1A000000 - 0x1A000018): @0x1A00001C = 0x63FFF6C4
*** Processing completed, no Errors.
"sgpio.axf" - 0 Error(s), 1 Warning(s).
Load "E:\\Projects\\SGPIO8bitTransmitterFast\\sgpio.axf" 
Set JLink Project File to "E:\Projects\SGPIO8bitTransmitterFast\JLinkSettings.ini"
* JLink Info: Device "LPC4357_M4" selected (1024 KB flash, 40 KB RAM).
 
JLink info:
------------
DLL: V4.68a, compiled Apr 12 2013 13:26:50
Firmware: J-Link ARM V8 compiled Nov 28 2014 13:44:46
Hardware: V8.00
Feature(s) : RDI,FlashDL,FlashBP,JFlash,GDBFull 
 
* JLink Info: TotalIRLen = 8, IRPrint = 0x0011
* JLink Info: Found Cortex-M4 r0p1, Little endian.
* JLink Info: TPIU fitted.
* JLink Info: ETM fitted.
* JLink Info: FPUnit: 6 code (BP) slots and 2 literal slots
ROMTableAddr = 0xE00FF003
 
Target info:
------------
Device: LPC4357
VTarget = 3.332V
State of Pins: 
TCK: 1, TDI: 0, TDO: 0, TMS: 0, TRES: 1, TRST: 1
Hardware-Breakpoints: 6
Software-Breakpoints: 8192
Watchpoints:          4
JTAG speed: 2000 kHz
 
Erase Done.
Programming Done.
Verify OK.
Application running ...
