Component: ARM Compiler 5.06 update 4 (build 422) Tool: armlink [4d35d2]

==============================================================================

Section Cross References

    table.o(RESET) refers to blink.o(beg) for Reset_Handler


==============================================================================

Removing Unused input sections from the image.

    Removing blink.o(STACK), (1024 bytes).

1 unused section(s) (total 1024 bytes) removed from the image.

==============================================================================

Image Symbol Table

    Local Symbols

    Symbol Name                              Value     Ov Type        Size  Object(Section)

    blink.s                                  0x00000000   Number         0  blink.o ABSOLUTE
    table.s                                  0x00000000   Number         0  table.o ABSOLUTE
    RESET                                    0x1a000000   Section       64  table.o(RESET)
    beg                                      0x1a000040   Section      100  blink.o(beg)
    $v0                                      0x1a000040   Number         0  blink.o(beg)

    Global Symbols

    Symbol Name                              Value     Ov Type        Size  Object(Section)

    BuildAttributes$$THM_ISAv4$E$P$D$K$B$S$7EM$VFPi3$EXTD16$VFPS$VFMA$PE$A:L22UL41UL21$X:L11$S22US41US21$IEEE1$IW$USESV6$~STKCKD$USESV7$~SHL$OSPACE$EBA8$STANDARDLIB$PRES8$EABIv2 0x00000000   Number         0  anon$$obj.o ABSOLUTE
    STACK_SIZE                               0x00000400   Number         0  blink.o ABSOLUTE
    Reset_Handler                            0x1a000041   Thumb Code    54  blink.o(beg)
    NMI_Handler                              0x1a000077   Thumb Code     2  blink.o(beg)
    HardFault_Handler                        0x1a000079   Thumb Code     2  blink.o(beg)
    MemManage_Handler                        0x1a00007b   Thumb Code     2  blink.o(beg)
    BusFault_Handler                         0x1a00007d   Thumb Code     2  blink.o(beg)
    UsageFault_Handler                       0x1a00007f   Thumb Code     2  blink.o(beg)
    SVC_Handler                              0x1a000081   Thumb Code     2  blink.o(beg)
    DebugMon_Handler                         0x1a000083   Thumb Code     2  blink.o(beg)
    PendSV_Handler                           0x1a000085   Thumb Code     2  blink.o(beg)
    SysTick_Handler                          0x1a000087   Thumb Code     2  blink.o(beg)
    Sign_Value                               0x5a5a5a5a   Number         0  blink.o ABSOLUTE



==============================================================================

Memory Map of the image

  Image Entry point : 0x1a000041

  Load Region LR_IROM1 (Base: 0x1a000000, Size: 0x000000a4, Max: 0x00080000, ABSOLUTE)

    Execution Region RW_IRAM1 (Base: 0x10000000, Size: 0x00000000, Max: 0x00008000, ABSOLUTE)

    **** No section assigned to this execution region ****


    Execution Region ER_IROM1 (Base: 0x1a000000, Size: 0x000000a4, Max: 0x00080000, ABSOLUTE)

    Base Addr    Size         Type   Attr      Idx    E Section Name        Object

    0x1a000000   0x00000040   Code   RO            8    RESET               table.o
    0x1a000040   0x00000064   Code   RO            2  * beg                 blink.o


==============================================================================

Image component sizes


      Code (inc. data)   RO Data    RW Data    ZI Data      Debug   Object Name

       100         28          0          0          0        752   blink.o
        64         64          0          0          0        160   table.o

    ----------------------------------------------------------------------
       164         92          0          0          0        912   Object Totals
         0          0          0          0          0          0   (incl. Generated)
         0          0          0          0          0          0   (incl. Padding)

    ----------------------------------------------------------------------
         0          0          0          0          0          0   Library Totals
         0          0          0          0          0          0   (incl. Padding)

    ----------------------------------------------------------------------

==============================================================================


      Code (inc. data)   RO Data    RW Data    ZI Data      Debug   

       164         92          0          0          0        912   Grand Totals
       164         92          0          0          0        912   ELF Image Totals
       164         92          0          0          0          0   ROM Totals

==============================================================================

    Total RO  Size (Code + RO Data)                  164 (   0.16kB)
    Total RW  Size (RW Data + ZI Data)                 0 (   0.00kB)
    Total ROM Size (Code + RO Data + RW Data)        164 (   0.16kB)

==============================================================================

