<html>
<body>
<pre>
<h1>µVision Build Log</h1>
<h2>Project:</h2>
E:\Projects\blinkfast\blink.uvproj
Project File Date:  03/21/2017

<h2>Output:</h2>
Rebuild target 'Target 1'
assembling blink.s...
blink.s(46): warning: A1865W: '#' not seen before constant expression
blink.s(51): warning: A1865W: '#' not seen before constant expression
assembling table.s...
linking...
blink.axf: Warning: L6914W: option ropi ignored when using --scatter.
blink.axf: Warning: L6914W: option rwpi ignored when using --scatter.
blink.sct(8): warning: L6314W: No section matches pattern *(InRoot$$Sections).
Program Size: Code=164 RO-data=0 RW-data=0 ZI-data=0  
FromELF: creating hex file...
User command #1: C:\Keil\\ARM\BIN\ELFDWT.EXE .\blink.axf BASEADDRESS(0x1A000000)
ELFDWT - Signature Creator V1.1
COPYRIGHT Keil - An ARM Company, Copyright (C) 2012
*** Updated Signature over Range[32] (0x1A000000 - 0x1A000018): @0x1A00001C = 0x63FFF958
*** Processing completed, no Errors.
"blink.axf" - 0 Error(s), 5 Warning(s).
Load "E:\\Projects\\blinkfast\\blink.axf" 
Set JLink Project File to "E:\Projects\blinkfast\JLinkSettings.ini"
* JLink Info: Device "LPC4357_M4" selected (1024 KB flash, 40 KB RAM).
 
JLink info:
------------
DLL: V4.68a, compiled Apr 12 2013 13:26:50
Firmware: J-Link ARM V8 compiled Nov 28 2014 13:44:46
Hardware: V8.00
Feature(s) : RDI,FlashDL,FlashBP,JFlash,GDBFull 
 
* JLink Info: TotalIRLen = 8, IRPrint = 0x0011
* JLink Info: Found Cortex-M4 r0p1, Little endian.
* JLink Info: TPIU fitted.
* JLink Info: ETM fitted.
* JLink Info: FPUnit: 6 code (BP) slots and 2 literal slots
ROMTableAddr = 0xE00FF003
 
Target info:
------------
Device: LPC4357
VTarget = 3.325V
State of Pins: 
TCK: 1, TDI: 0, TDO: 0, TMS: 0, TRES: 1, TRST: 1
Hardware-Breakpoints: 6
Software-Breakpoints: 8192
Watchpoints:          4
JTAG speed: 2000 kHz
 
Full Chip Erase Done.
Programming Done.
Verify OK.
Application running ...
Rebuild target 'Target 1'
assembling blink.s...
blink.s(46): warning: A1865W: '#' not seen before constant expression
blink.s(51): warning: A1865W: '#' not seen before constant expression
assembling table.s...
linking...
blink.axf: Warning: L6914W: option ropi ignored when using --scatter.
blink.axf: Warning: L6914W: option rwpi ignored when using --scatter.
blink.sct(8): warning: L6314W: No section matches pattern *(InRoot$$Sections).
Program Size: Code=164 RO-data=0 RW-data=0 ZI-data=0  
FromELF: creating hex file...
User command #1: C:\Keil\\ARM\BIN\ELFDWT.EXE .\blink.axf BASEADDRESS(0x1A000000)
ELFDWT - Signature Creator V1.1
COPYRIGHT Keil - An ARM Company, Copyright (C) 2012
*** Updated Signature over Range[32] (0x1A000000 - 0x1A000018): @0x1A00001C = 0x63FFF958
*** Processing completed, no Errors.
"blink.axf" - 0 Error(s), 5 Warning(s).
Rebuild target 'Target 1'
assembling blink.s...
blink.s(46): warning: A1865W: '#' not seen before constant expression
blink.s(51): warning: A1865W: '#' not seen before constant expression
assembling table.s...
linking...
blink.axf: Warning: L6914W: option ropi ignored when using --scatter.
blink.axf: Warning: L6914W: option rwpi ignored when using --scatter.
blink.sct(8): warning: L6314W: No section matches pattern *(InRoot$$Sections).
Program Size: Code=164 RO-data=0 RW-data=0 ZI-data=0  
FromELF: creating hex file...
User command #1: C:\Keil\\ARM\BIN\ELFDWT.EXE .\blink.axf BASEADDRESS(0x1A000000)
ELFDWT - Signature Creator V1.1
COPYRIGHT Keil - An ARM Company, Copyright (C) 2012
*** Updated Signature over Range[32] (0x1A000000 - 0x1A000018): @0x1A00001C = 0x63FFF958
*** Processing completed, no Errors.
"blink.axf" - 0 Error(s), 5 Warning(s).
Load "E:\\Projects\\blinkfast\\blink.axf" 
Set JLink Project File to "E:\Projects\blinkfast\JLinkSettings.ini"
* JLink Info: Device "LPC4357_M4" selected (1024 KB flash, 40 KB RAM).
 
JLink info:
------------
DLL: V4.68a, compiled Apr 12 2013 13:26:50
Firmware: J-Link ARM V8 compiled Nov 28 2014 13:44:46
Hardware: V8.00
Feature(s) : RDI,FlashDL,FlashBP,JFlash,GDBFull 
 
* JLink Info: TotalIRLen = 8, IRPrint = 0x0011
* JLink Info: Found Cortex-M4 r0p1, Little endian.
* JLink Info: TPIU fitted.
* JLink Info: ETM fitted.
* JLink Info: FPUnit: 6 code (BP) slots and 2 literal slots
ROMTableAddr = 0xE00FF003
 
Target info:
------------
Device: LPC4357
VTarget = 3.319V
State of Pins: 
TCK: 1, TDI: 0, TDO: 0, TMS: 0, TRES: 1, TRST: 1
Hardware-Breakpoints: 6
Software-Breakpoints: 8192
Watchpoints:          4
JTAG speed: 2000 kHz
 
Full Chip Erase Done.
Programming Done.
Verify OK.
Application running ...
