<html>
<body>
<pre>
<h1>µVision Build Log</h1>
<h2>Tool Versions:</h2>
IDE-Version: µVision V5.22.0.0
Copyright (C) 2016 ARM Ltd and ARM Germany GmbH. All rights reserved.
License Information: Bober Bober, Bober, LIC=----
 
Tool Versions:
Toolchain:       MDK-ARM Professional  Version: 5.22
Toolchain Path:  C:\Keil_v5\ARM\ARMCC\Bin
C Compiler:      Armcc.exe V5.06 update 4 (build 422)
Assembler:       Armasm.exe V5.06 update 4 (build 422)
Linker/Locator:  ArmLink.exe V5.06 update 4 (build 422)
Library Manager: ArmAr.exe V5.06 update 4 (build 422)
Hex Converter:   FromElf.exe V5.06 update 4 (build 422)
CPU DLL:         SARMCM3.DLL V5.22
Dialog DLL:      DCM.DLL V1.13.9.0
Target DLL:      UL2CM3.DLL V1.159.0.0
Dialog DLL:      TCM.DLL V1.21.0.0
 
<h2>Project:</h2>
E:\Projects\blinkfast\blink.uvproj
Project File Date:  06/29/2018

<h2>Output:</h2>
*** Using Compiler 'V5.06 update 4 (build 422)', folder: 'C:\Keil_v5\ARM\ARMCC\Bin'
Build target 'Target 1'
assembling table.s...
linking...
.\blink.axf: Warning: L6914W: option ropi ignored when using --scatter.
.\blink.axf: Warning: L6914W: option rwpi ignored when using --scatter.
.\blink.sct(8): warning: L6314W: No section matches pattern *(InRoot$$Sections).
.\blink.sct(10): warning: L6314W: No section matches pattern table.o(RO).
Program Size: Code=164 RO-data=0 RW-data=0 ZI-data=0  
Finished: 0 information, 4 warning and 0 error messages.
FromELF: creating hex file...
After Build - User command #1: C:\Keil_v5\\ARM\BIN\ELFDWT.EXE .\blink.axf BASEADDRESS(0x1A000000)
ELFDWT - Signature Creator V1.2.0.0
COPYRIGHT Copyright (C) 2014-2016, ARM Ldt. and  ARM Germany GmbH
*** Updated Signature over Range[32] (0x1A000000 - 0x1A000018): @0x1A00001C = 0x63FFF958
*** Processing completed, no Errors.
".\blink.axf" - 0 Error(s), 4 Warning(s).
Build Time Elapsed:  00:00:00
</pre>
</body>
</html>
