<html>
<body>
<pre>
<h1>µVision Build Log</h1>
<h2>Tool Versions:</h2>
IDE-Version: µVision V5.22.0.0
Copyright (C) 2016 ARM Ltd and ARM Germany GmbH. All rights reserved.
License Information: Bober Bober, Bober, LIC=----
 
Tool Versions:
Toolchain:       MDK-Lite  Version: 5.22
Toolchain Path:  C:\Keil_v5\ARM\ARMCC\Bin
C Compiler:      Armcc.exe V5.06 update 4 (build 422)
Assembler:       Armasm.exe V5.06 update 4 (build 422)
Linker/Locator:  ArmLink.exe V5.06 update 4 (build 422)
Library Manager: ArmAr.exe V5.06 update 4 (build 422)
Hex Converter:   FromElf.exe V5.06 update 4 (build 422)
CPU DLL:         SARMCM3.DLL V5.22
Dialog DLL:      DCM.DLL V1.13.9.0
Target DLL:      Segger\JL2CM3.dll V2.99.23.0
Dialog DLL:      TCM.DLL V1.21.0.0
 
<h2>Project:</h2>
E:\Projects\blink\blink.uvproj
Project File Date:  06/27/2018

<h2>Output:</h2>
*** Using Compiler 'V5.06 update 4 (build 422)', folder: 'C:\Keil_v5\ARM\ARMCC\Bin'
Rebuild target 'Target 1'
assembling table.s...
assembling blink.s...
blink.s(45): warning: A1865W: '#' not seen before constant expression
blink.s(50): warning: A1865W: '#' not seen before constant expression
blink.s(62): warning: A1865W: '#' not seen before constant expression
blink.s(65): warning: A1865W: '#' not seen before constant expression
blink.s(72): warning: A1865W: '#' not seen before constant expression
blink.s(84): warning: A1865W: '#' not seen before constant expression
blink.s(87): warning: A1865W: '#' not seen before constant expression
blink.s(129): warning: A1581W: Added 2 bytes of padding at address 0x66
linking...
.\blink.axf: Warning: L6914W: option ropi ignored when using --scatter.
.\blink.axf: Warning: L6914W: option rwpi ignored when using --scatter.
.\blink.sct(8): warning: L6314W: No section matches pattern *(InRoot$$Sections).
Program Size: Code=196 RO-data=0 RW-data=0 ZI-data=0  
Finished: 0 information, 3 warning and 0 error messages.
FromELF: creating hex file...
After Build - User command #1: C:\Keil_v5\\ARM\BIN\ELFDWT.EXE .\blink.axf BASEADDRESS(0x1A000000)
ELFDWT - Signature Creator V1.2.0.0
COPYRIGHT Copyright (C) 2014-2016, ARM Ldt. and  ARM Germany GmbH
*** Updated Signature over Range[32] (0x1A000000 - 0x1A000018): @0x1A00001C = 0x63FFF8C0
*** Processing completed, no Errors.
".\blink.axf" - 0 Error(s), 11 Warning(s).
Build Time Elapsed:  00:00:00
</pre>
</body>
</html>
