Component: ARM Compiler 5.06 update 4 (build 422) Tool: armlink [4d35d2]

==============================================================================

Section Cross References

    table.o(RESET) refers to sgpio.o(STACK) for __initial_sp
    table.o(RESET) refers to sgpio.o(beg) for Reset_Handler


==============================================================================

Image Symbol Table

    Local Symbols

    Symbol Name                              Value     Ov Type        Size  Object(Section)

    sgpio.s                                  0x00000000   Number         0  sgpio.o ABSOLUTE
    table.s                                  0x00000000   Number         0  table.o ABSOLUTE
    STACK                                    0x10000000   Section     1024  sgpio.o(STACK)
    RESET                                    0x1a000000   Section      192  table.o(RESET)
    beg                                      0x1a0000c0   Section      408  sgpio.o(beg)
    $v0                                      0x1a0000c0   Number         0  sgpio.o(beg)

    Global Symbols

    Symbol Name                              Value     Ov Type        Size  Object(Section)

    BuildAttributes$$THM_ISAv4$E$P$D$K$B$S$7EM$VFPi3$EXTD16$VFPS$VFMA$PE$A:L22UL41UL21$X:L11$S22US41US21$IEEE1$IW$USESV6$~STKCKD$USESV7$~SHL$OSPACE$EBA8$STANDARDLIB$PRES8$EABIv2 0x00000000   Number         0  anon$$obj.o ABSOLUTE
    __initial_sp                             0x10000400   Data           0  sgpio.o(STACK)
    Reset_Handler                            0x1a0000c1   Thumb Code   198  sgpio.o(beg)
    NMI_Handler                              0x1a000187   Thumb Code     2  sgpio.o(beg)
    HardFault_Handler                        0x1a000189   Thumb Code     2  sgpio.o(beg)
    MemManage_Handler                        0x1a00018b   Thumb Code     2  sgpio.o(beg)
    BusFault_Handler                         0x1a00018d   Thumb Code     2  sgpio.o(beg)
    UsageFault_Handler                       0x1a00018f   Thumb Code     2  sgpio.o(beg)
    SVC_Handler                              0x1a000191   Thumb Code     2  sgpio.o(beg)
    DebugMon_Handler                         0x1a000193   Thumb Code     2  sgpio.o(beg)
    PendSV_Handler                           0x1a000195   Thumb Code     2  sgpio.o(beg)
    SysTick_Handler                          0x1a000197   Thumb Code     2  sgpio.o(beg)
    DAC                                      0x1a000199   Thumb Code     2  sgpio.o(beg)
    M0APP                                    0x1a00019b   Thumb Code     2  sgpio.o(beg)
    DMA                                      0x1a00019d   Thumb Code     2  sgpio.o(beg)
    FLASHEEPROM                              0x1a00019f   Thumb Code     2  sgpio.o(beg)
    ETHERNET                                 0x1a0001a1   Thumb Code     2  sgpio.o(beg)
    SDIO                                     0x1a0001a3   Thumb Code     2  sgpio.o(beg)
    LCD                                      0x1a0001a5   Thumb Code     2  sgpio.o(beg)
    USB0                                     0x1a0001a7   Thumb Code     2  sgpio.o(beg)
    USB1                                     0x1a0001a9   Thumb Code     2  sgpio.o(beg)
    SCTimer_PWM                              0x1a0001ab   Thumb Code     2  sgpio.o(beg)
    RITIMER                                  0x1a0001ad   Thumb Code     2  sgpio.o(beg)
    TIMER0                                   0x1a0001af   Thumb Code     2  sgpio.o(beg)
    TIMER1                                   0x1a0001b1   Thumb Code     2  sgpio.o(beg)
    TIMER2                                   0x1a0001b3   Thumb Code     2  sgpio.o(beg)
    TIMER3                                   0x1a0001b5   Thumb Code     2  sgpio.o(beg)
    MCPWM                                    0x1a0001b7   Thumb Code     2  sgpio.o(beg)
    ADC0                                     0x1a0001b9   Thumb Code     2  sgpio.o(beg)
    I2C0                                     0x1a0001bb   Thumb Code     2  sgpio.o(beg)
    I2C1                                     0x1a0001bd   Thumb Code     2  sgpio.o(beg)
    SPI                                      0x1a0001bf   Thumb Code     2  sgpio.o(beg)
    ADC1                                     0x1a0001c1   Thumb Code     2  sgpio.o(beg)
    SSP0                                     0x1a0001c3   Thumb Code     2  sgpio.o(beg)
    SSP1                                     0x1a0001c5   Thumb Code     2  sgpio.o(beg)
    USART0                                   0x1a0001c7   Thumb Code     2  sgpio.o(beg)
    UART1                                    0x1a0001c9   Thumb Code     2  sgpio.o(beg)
    USART2                                   0x1a0001cb   Thumb Code     2  sgpio.o(beg)
    USART3                                   0x1a0001cd   Thumb Code     2  sgpio.o(beg)
    I2S0                                     0x1a0001cf   Thumb Code     2  sgpio.o(beg)
    I2S1                                     0x1a0001d1   Thumb Code     2  sgpio.o(beg)
    SPIFI                                    0x1a0001d3   Thumb Code     2  sgpio.o(beg)
    SGPIO                                    0x1a0001d5   Thumb Code    10  sgpio.o(beg)
    Sign_Value                               0x5a5a5a5a   Number         0  sgpio.o ABSOLUTE



==============================================================================

Memory Map of the image

  Image Entry point : 0x1a0000c1

  Load Region LR_IROM1 (Base: 0x1a000000, Size: 0x00000258, Max: 0x00080000, ABSOLUTE)

    Execution Region RW_IRAM1 (Base: 0x10000000, Size: 0x00000400, Max: 0x00008000, ABSOLUTE)

    Base Addr    Size         Type   Attr      Idx    E Section Name        Object

    0x10000000   0x00000400   Zero   RW            1    STACK               sgpio.o


    Execution Region ER_IROM1 (Base: 0x1a000000, Size: 0x00000258, Max: 0x00080000, ABSOLUTE)

    Base Addr    Size         Type   Attr      Idx    E Section Name        Object

    0x1a000000   0x000000c0   Code   RO            8    RESET               table.o
    0x1a0000c0   0x00000198   Code   RO            2  * beg                 sgpio.o


==============================================================================

Image component sizes


      Code (inc. data)   RO Data    RW Data    ZI Data      Debug   Object Name

       408        122          0          0       1024       1840   sgpio.o
       192        192          0          0          0        180   table.o

    ----------------------------------------------------------------------
       600        314          0          0       1024       2020   Object Totals
         0          0          0          0          0          0   (incl. Generated)
         0          0          0          0          0          0   (incl. Padding)

    ----------------------------------------------------------------------
         0          0          0          0          0          0   Library Totals
         0          0          0          0          0          0   (incl. Padding)

    ----------------------------------------------------------------------

==============================================================================


      Code (inc. data)   RO Data    RW Data    ZI Data      Debug   

       600        314          0          0       1024       2020   Grand Totals
       600        314          0          0       1024       2020   ELF Image Totals
       600        314          0          0          0          0   ROM Totals

==============================================================================

    Total RO  Size (Code + RO Data)                  600 (   0.59kB)
    Total RW  Size (RW Data + ZI Data)              1024 (   1.00kB)
    Total ROM Size (Code + RO Data + RW Data)        600 (   0.59kB)

==============================================================================

