ARM Linker, 5.03 [Build 69] [MDK-ARM Professional]

==============================================================================

Section Cross References

    table.o(RESET) refers to freq.o(beg) for Reset_Handler


==============================================================================

Removing Unused input sections from the image.

    Removing freq.o(STACK), (1024 bytes).

1 unused section(s) (total 1024 bytes) removed from the image.

==============================================================================

Image Symbol Table

    Local Symbols

    Symbol Name                              Value     Ov Type        Size  Object(Section)

    Freq.s                                   0x00000000   Number         0  freq.o ABSOLUTE
    table.s                                  0x00000000   Number         0  table.o ABSOLUTE
    RESET                                    0x1a000000   Section       64  table.o(RESET)
    beg                                      0x1a000040   Section       32  freq.o(beg)
    $v0                                      0x1a000040   Number         0  freq.o(beg)

    Global Symbols

    Symbol Name                              Value     Ov Type        Size  Object(Section)

    BuildAttributes$$THM_ISAv4$E$P$D$K$B$S$7EM$VFPi3$EXTD16$VFPS$VFMA$PE$A:L22UL41UL21$X:L11$S22US41US21$IEEE1$IW$USESV6$~STKCKD$USESV7$~SHL$OSPACE$EBA8$STANDARDLIB$PRES8$EABIv2 0x00000000   Number         0  anon$$obj.o ABSOLUTE
    STACK_SIZE                               0x00000400   Number         0  freq.o ABSOLUTE
    Reset_Handler                            0x1a000041   Thumb Code    10  freq.o(beg)
    NMI_Handler                              0x1a00004b   Thumb Code     2  freq.o(beg)
    HardFault_Handler                        0x1a00004d   Thumb Code     2  freq.o(beg)
    MemManage_Handler                        0x1a00004f   Thumb Code     2  freq.o(beg)
    BusFault_Handler                         0x1a000051   Thumb Code     2  freq.o(beg)
    UsageFault_Handler                       0x1a000053   Thumb Code     2  freq.o(beg)
    SVC_Handler                              0x1a000055   Thumb Code     2  freq.o(beg)
    DebugMon_Handler                         0x1a000057   Thumb Code     2  freq.o(beg)
    PendSV_Handler                           0x1a000059   Thumb Code     2  freq.o(beg)
    SysTick_Handler                          0x1a00005b   Thumb Code     2  freq.o(beg)
    Sign_Value                               0x5a5a5a5a   Number         0  freq.o ABSOLUTE



==============================================================================

Memory Map of the image

  Image Entry point : 0x1a000041

  Load Region LR_IROM1 (Base: 0x1a000000, Size: 0x00000060, Max: 0x00080000, ABSOLUTE)

    Execution Region RW_IRAM1 (Base: 0x10000000, Size: 0x00000000, Max: 0x00008000, ABSOLUTE)

    **** No section assigned to this execution region ****


    Execution Region ER_IROM1 (Base: 0x1a000000, Size: 0x00000060, Max: 0x00080000, ABSOLUTE)

    Base Addr    Size         Type   Attr      Idx    E Section Name        Object

    0x1a000000   0x00000040   Code   RO            8    RESET               table.o
    0x1a000040   0x00000020   Code   RO            2  * beg                 freq.o


==============================================================================

Image component sizes


      Code (inc. data)   RO Data    RW Data    ZI Data      Debug   Object Name

        32          4          0          0          0        692   freq.o
        64         64          0          0          0        116   table.o

    ----------------------------------------------------------------------
        96         68          0          0          0        808   Object Totals
         0          0          0          0          0          0   (incl. Generated)
         0          0          0          0          0          0   (incl. Padding)

    ----------------------------------------------------------------------
         0          0          0          0          0          0   Library Totals
         0          0          0          0          0          0   (incl. Padding)

    ----------------------------------------------------------------------

==============================================================================


      Code (inc. data)   RO Data    RW Data    ZI Data      Debug   

        96         68          0          0          0        808   Grand Totals
        96         68          0          0          0        808   ELF Image Totals
        96         68          0          0          0          0   ROM Totals

==============================================================================

    Total RO  Size (Code + RO Data)                   96 (   0.09kB)
    Total RW  Size (RW Data + ZI Data)                 0 (   0.00kB)
    Total ROM Size (Code + RO Data + RW Data)         96 (   0.09kB)

==============================================================================

