ARM Linker, 5.03 [Build 69] [MDK-ARM Professional]

==============================================================================

Section Cross References

    blinky_m4.o(.text) refers to chip_18xx_43xx.o(i.SystemCoreClockUpdate) for SystemCoreClockUpdate
    blinky_m4.o(.text) refers to board.o(i.Board_Init) for Board_Init
    blinky_m4.o(.text) refers to m0_img_ldr.o(.text) for M0Image_Boot
    blinky_m4.o(.text) refers to board.o(i.Board_UARTPutSTR) for Board_UARTPutSTR
    blinky_m4.o(.text) refers to ipc_example.o(.text) for IPCEX_Init
    blinky_m4.o(.text) refers to chip_18xx_43xx.o(.data) for SystemCoreClock
    sysinit.o(.text) refers to fpu_init.o(i.fpuInit) for fpuInit
    sysinit.o(.text) refers to board_sysinit.o(i.Board_SystemInit) for Board_SystemInit
    sysinit.o(.text) refers to keil_startup_lpc18xx43xx.o(RESET) for __Vectors
    keil_startup_lpc18xx43xx.o(STACK) refers (Special) to heapauxi.o(.text) for __use_two_region_memory
    keil_startup_lpc18xx43xx.o(HEAP) refers (Special) to heapauxi.o(.text) for __use_two_region_memory
    keil_startup_lpc18xx43xx.o(RESET) refers (Special) to heapauxi.o(.text) for __use_two_region_memory
    keil_startup_lpc18xx43xx.o(RESET) refers to keil_startup_lpc18xx43xx.o(STACK) for __initial_sp
    keil_startup_lpc18xx43xx.o(RESET) refers to keil_startup_lpc18xx43xx.o(.text) for Reset_Handler
    keil_startup_lpc18xx43xx.o(.text) refers (Special) to heapauxi.o(.text) for __use_two_region_memory
    keil_startup_lpc18xx43xx.o(.text) refers to sysinit.o(.text) for SystemInit
    keil_startup_lpc18xx43xx.o(.text) refers to __main.o(!!!main) for __main
    keil_startup_lpc18xx43xx.o(.text) refers to keil_startup_lpc18xx43xx.o(HEAP) for Heap_Mem
    keil_startup_lpc18xx43xx.o(.text) refers to keil_startup_lpc18xx43xx.o(STACK) for Stack_Mem
    ipc_example.o(.text) refers to ipc_msg.o(.text) for IPC_popMsgTout
    ipc_example.o(.text) refers to ipc_example.o(.bss) for ipcex_callback_lookup
    ipc_example.o(.text) refers to ipc_example.o(.data) for gblUpdateFn
    m0_img_ldr.o(.text) refers to rgu_18xx_43xx.o(i.Chip_RGU_TriggerReset) for Chip_RGU_TriggerReset
    m0_img_ldr.o(.text) refers to clock_18xx_43xx.o(i.Chip_Clock_Enable) for Chip_Clock_Enable
    m0_img_ldr.o(.text) refers to rgu_18xx_43xx.o(i.Chip_RGU_ClearReset) for Chip_RGU_ClearReset
    ipc_msg.o(.text) refers to board.o(i.Board_UARTPutSTR) for Board_UARTPutSTR
    ipc_msg.o(.text) refers to rt_memclr_w.o(.text) for __aeabi_memclr4
    ipc_msg.o(.text) refers to rt_memcpy_v6.o(.text) for __aeabi_memcpy
    ipc_msg.o(.text) refers to ipc_msg.o(.data) for q_ipc
    ipc_msg.o(.data) refers to ipc_msg.o(.conststring) for .conststring
    chip_18xx_43xx.o(i.Chip_USB0_Init) refers to chip_18xx_43xx.o(i.Chip_USB_PllSetup) for Chip_USB_PllSetup
    chip_18xx_43xx.o(i.Chip_USB0_Init) refers to clock_18xx_43xx.o(i.Chip_Clock_SetBaseClock) for Chip_Clock_SetBaseClock
    chip_18xx_43xx.o(i.Chip_USB0_Init) refers to clock_18xx_43xx.o(i.Chip_Clock_EnableBaseClock) for Chip_Clock_EnableBaseClock
    chip_18xx_43xx.o(i.Chip_USB0_Init) refers to clock_18xx_43xx.o(i.Chip_Clock_EnableOpts) for Chip_Clock_EnableOpts
    chip_18xx_43xx.o(i.Chip_USB1_Init) refers to chip_18xx_43xx.o(i.Chip_USB_PllSetup) for Chip_USB_PllSetup
    chip_18xx_43xx.o(i.Chip_USB1_Init) refers to clock_18xx_43xx.o(i.Chip_Clock_SetDivider) for Chip_Clock_SetDivider
    chip_18xx_43xx.o(i.Chip_USB1_Init) refers to clock_18xx_43xx.o(i.Chip_Clock_SetBaseClock) for Chip_Clock_SetBaseClock
    chip_18xx_43xx.o(i.Chip_USB1_Init) refers to clock_18xx_43xx.o(i.Chip_Clock_EnableBaseClock) for Chip_Clock_EnableBaseClock
    chip_18xx_43xx.o(i.Chip_USB1_Init) refers to clock_18xx_43xx.o(i.Chip_Clock_EnableOpts) for Chip_Clock_EnableOpts
    chip_18xx_43xx.o(i.Chip_USB_PllSetup) refers to clock_18xx_43xx.o(i.Chip_Clock_GetClockInputHz) for Chip_Clock_GetClockInputHz
    chip_18xx_43xx.o(i.Chip_USB_PllSetup) refers to clock_18xx_43xx.o(i.Chip_Clock_SetupPLL) for Chip_Clock_SetupPLL
    chip_18xx_43xx.o(i.Chip_USB_PllSetup) refers to clock_18xx_43xx.o(i.Chip_Clock_EnablePLL) for Chip_Clock_EnablePLL
    chip_18xx_43xx.o(i.Chip_USB_PllSetup) refers to clock_18xx_43xx.o(i.Chip_Clock_GetPLLStatus) for Chip_Clock_GetPLLStatus
    chip_18xx_43xx.o(i.Chip_USB_PllSetup) refers to chip_18xx_43xx.o(.constdata) for .constdata
    chip_18xx_43xx.o(i.SystemCoreClockUpdate) refers to clock_18xx_43xx.o(i.Chip_Clock_GetRate) for Chip_Clock_GetRate
    chip_18xx_43xx.o(i.SystemCoreClockUpdate) refers to chip_18xx_43xx.o(.data) for .data
    clock_18xx_43xx.o(i.Chip_Clock_EnableCrystal) refers to board.o(.constdata) for OscRateIn
    clock_18xx_43xx.o(i.Chip_Clock_GetBaseClocktHz) refers to clock_18xx_43xx.o(i.Chip_Clock_GetBaseClock) for Chip_Clock_GetBaseClock
    clock_18xx_43xx.o(i.Chip_Clock_GetBaseClocktHz) refers to clock_18xx_43xx.o(i.Chip_Clock_GetClockInputHz) for Chip_Clock_GetClockInputHz
[...]
    uda1380.o(i.UDA1380_Init) refers to i2c_18xx_43xx.o(i.Chip_I2C_EventHandlerPolling) for Chip_I2C_EventHandlerPolling
    uda1380.o(i.UDA1380_Init) refers to uda1380.o(.constdata) for .constdata
    uda1380.o(i.UDA1380_REG_Read) refers to i2c_18xx_43xx.o(i.Chip_I2C_MasterCmdRead) for Chip_I2C_MasterCmdRead
    uda1380.o(i.UDA1380_REG_VerifyMult) refers to i2c_18xx_43xx.o(i.Chip_I2C_MasterCmdRead) for Chip_I2C_MasterCmdRead
    uda1380.o(i.UDA1380_REG_Write) refers to i2c_18xx_43xx.o(i.Chip_I2C_MasterSend) for Chip_I2C_MasterSend
    uda1380.o(i.UDA1380_REG_WriteMult) refers to i2c_18xx_43xx.o(i.Chip_I2C_MasterSend) for Chip_I2C_MasterSend
    uda1380.o(i.UDA1380_REG_WriteVerify) refers to uda1380.o(i.UDA1380_REG_Write) for UDA1380_REG_Write
    uda1380.o(i.UDA1380_REG_WriteVerify) refers to uda1380.o(i.UDA1380_REG_Read) for UDA1380_REG_Read
    ring_buffer.o(i.RingBuffer_Insert) refers to ring_buffer.o(i.RingBuffer_IsFull) for RingBuffer_IsFull
    ring_buffer.o(i.RingBuffer_Insert) refers to rt_memcpy_v6.o(.text) for __aeabi_memcpy
    ring_buffer.o(i.RingBuffer_InsertMult) refers to ring_buffer.o(i.RingBuffer_IsFull) for RingBuffer_IsFull
    ring_buffer.o(i.RingBuffer_InsertMult) refers to rt_memcpy_v6.o(.text) for __aeabi_memcpy
    ring_buffer.o(i.RingBuffer_Pop) refers to ring_buffer.o(i.RingBuffer_IsEmpty) for RingBuffer_IsEmpty
    ring_buffer.o(i.RingBuffer_Pop) refers to rt_memcpy_v6.o(.text) for __aeabi_memcpy
    ring_buffer.o(i.RingBuffer_PopMult) refers to ring_buffer.o(i.RingBuffer_IsEmpty) for RingBuffer_IsEmpty
    ring_buffer.o(i.RingBuffer_PopMult) refers to rt_memcpy_v6.o(.text) for __aeabi_memcpy
    rt_memcpy_v6.o(.text) refers to rt_memcpy_w.o(.text) for __aeabi_memcpy4
    __main.o(!!!main) refers to rtentry.o(.ARM.Collect$$rtentry$$00000000) for __rt_entry
    rtentry.o(.ARM.Collect$$rtentry$$00000000) refers (Special) to rtentry2.o(.ARM.Collect$$rtentry$$0000000A) for __rt_entry_li
    rtentry.o(.ARM.Collect$$rtentry$$00000000) refers (Special) to rtentry2.o(.ARM.Collect$$rtentry$$0000000D) for __rt_entry_main
    rtentry.o(.ARM.Collect$$rtentry$$00000000) refers (Special) to rtentry2.o(.ARM.Collect$$rtentry$$0000000C) for __rt_entry_postli_1
    rtentry.o(.ARM.Collect$$rtentry$$00000000) refers (Special) to rtentry2.o(.ARM.Collect$$rtentry$$00000009) for __rt_entry_postsh_1
    rtentry.o(.ARM.Collect$$rtentry$$00000000) refers (Special) to rtentry2.o(.ARM.Collect$$rtentry$$00000002) for __rt_entry_presh_1
    rtentry.o(.ARM.Collect$$rtentry$$00000000) refers (Special) to rtentry4.o(.ARM.Collect$$rtentry$$00000004) for __rt_entry_sh
    aeabi_ldiv0_sigfpe.o(.text) refers to rt_div0.o(.text) for __rt_div0
    rtentry2.o(.ARM.Collect$$rtentry$$00000008) refers to boardinit2.o(.text) for _platform_post_stackheap_init
    rtentry2.o(.ARM.Collect$$rtentry$$0000000A) refers to libinit.o(.ARM.Collect$$libinit$$00000000) for __rt_lib_init
    rtentry2.o(.ARM.Collect$$rtentry$$0000000B) refers to boardinit3.o(.text) for _platform_post_lib_init
    rtentry2.o(.ARM.Collect$$rtentry$$0000000D) refers to blinky_m4.o(.text) for main
    rtentry2.o(.ARM.Collect$$rtentry$$0000000D) refers to exit.o(.text) for exit
    rtentry2.o(.ARM.exidx) refers to rtentry2.o(.ARM.Collect$$rtentry$$00000001) for .ARM.Collect$$rtentry$$00000001
    rtentry2.o(.ARM.exidx) refers to rtentry2.o(.ARM.Collect$$rtentry$$00000008) for .ARM.Collect$$rtentry$$00000008
    rtentry2.o(.ARM.exidx) refers to rtentry2.o(.ARM.Collect$$rtentry$$0000000A) for .ARM.Collect$$rtentry$$0000000A
    rtentry2.o(.ARM.exidx) refers to rtentry2.o(.ARM.Collect$$rtentry$$0000000B) for .ARM.Collect$$rtentry$$0000000B
    rtentry2.o(.ARM.exidx) refers to rtentry2.o(.ARM.Collect$$rtentry$$0000000D) for .ARM.Collect$$rtentry$$0000000D
    rtentry4.o(.ARM.Collect$$rtentry$$00000004) refers to sys_stackheap_outer.o(.text) for __user_setup_stackheap
    rtentry4.o(.ARM.exidx) refers to rtentry4.o(.ARM.Collect$$rtentry$$00000004) for .ARM.Collect$$rtentry$$00000004
    rt_div0.o(.text) refers to defsig_fpe_outer.o(.text) for __rt_SIGFPE
    sys_stackheap_outer.o(.text) refers to libspace.o(.text) for __user_perproc_libspace
    sys_stackheap_outer.o(.text) refers to keil_startup_lpc18xx43xx.o(.text) for __user_initial_stackheap
    exit.o(.text) refers to rtexit.o(.ARM.Collect$$rtexit$$00000000) for __rt_exit
    defsig_fpe_outer.o(.text) refers to defsig_fpe_inner.o(.text) for __rt_SIGFPE_inner
    defsig_fpe_outer.o(.text) refers to defsig_exit.o(.text) for __sig_exit
    defsig_fpe_formal.o(.text) refers to rt_raise.o(.text) for __rt_raise
    libinit.o(.ARM.Collect$$libinit$$00000000) refers (Special) to libinit2.o(.ARM.Collect$$libinit$$0000002C) for __rt_lib_init_alloca_1
    libinit.o(.ARM.Collect$$libinit$$00000000) refers (Special) to libinit2.o(.ARM.Collect$$libinit$$0000002A) for __rt_lib_init_argv_1
    libinit.o(.ARM.Collect$$libinit$$00000000) refers (Special) to libinit2.o(.ARM.Collect$$libinit$$00000019) for __rt_lib_init_atexit_1
    libinit.o(.ARM.Collect$$libinit$$00000000) refers (Special) to libinit2.o(.ARM.Collect$$libinit$$0000001F) for __rt_lib_init_clock_1
    libinit.o(.ARM.Collect$$libinit$$00000000) refers (Special) to libinit2.o(.ARM.Collect$$libinit$$00000030) for __rt_lib_init_cpp_1
    libinit.o(.ARM.Collect$$libinit$$00000000) refers (Special) to libinit2.o(.ARM.Collect$$libinit$$0000002E) for __rt_lib_init_exceptions_1
    libinit.o(.ARM.Collect$$libinit$$00000000) refers (Special) to libinit2.o(.ARM.Collect$$libinit$$00000001) for __rt_lib_init_fp_1
    libinit.o(.ARM.Collect$$libinit$$00000000) refers (Special) to libinit2.o(.ARM.Collect$$libinit$$0000001D) for __rt_lib_init_fp_trap_1
    libinit.o(.ARM.Collect$$libinit$$00000000) refers (Special) to libinit2.o(.ARM.Collect$$libinit$$00000021) for __rt_lib_init_getenv_1
    libinit.o(.ARM.Collect$$libinit$$00000000) refers (Special) to libinit2.o(.ARM.Collect$$libinit$$00000008) for __rt_lib_init_heap_1
    libinit.o(.ARM.Collect$$libinit$$00000000) refers (Special) to libinit2.o(.ARM.Collect$$libinit$$0000000F) for __rt_lib_init_lc_collate_1
    libinit.o(.ARM.Collect$$libinit$$00000000) refers (Special) to libinit2.o(.ARM.Collect$$libinit$$00000011) for __rt_lib_init_lc_ctype_1
    libinit.o(.ARM.Collect$$libinit$$00000000) refers (Special) to libinit2.o(.ARM.Collect$$libinit$$00000013) for __rt_lib_init_lc_monetary_1
    libinit.o(.ARM.Collect$$libinit$$00000000) refers (Special) to libinit2.o(.ARM.Collect$$libinit$$00000015) for __rt_lib_init_lc_numeric_1
    libinit.o(.ARM.Collect$$libinit$$00000000) refers (Special) to libinit2.o(.ARM.Collect$$libinit$$00000017) for __rt_lib_init_lc_time_1
    libinit.o(.ARM.Collect$$libinit$$00000000) refers (Special) to libinit2.o(.ARM.Collect$$libinit$$0000000C) for __rt_lib_init_rand_1
    libinit.o(.ARM.Collect$$libinit$$00000000) refers (Special) to libinit2.o(.ARM.Collect$$libinit$$00000031) for __rt_lib_init_return
    libinit.o(.ARM.Collect$$libinit$$00000000) refers (Special) to libinit2.o(.ARM.Collect$$libinit$$0000001B) for __rt_lib_init_signal_1
    libinit.o(.ARM.Collect$$libinit$$00000000) refers (Special) to libinit2.o(.ARM.Collect$$libinit$$00000023) for __rt_lib_init_stdio_1
    libinit.o(.ARM.Collect$$libinit$$00000000) refers (Special) to libinit2.o(.ARM.Collect$$libinit$$0000000A) for __rt_lib_init_user_alloc_1
    libspace.o(.text) refers to libspace.o(.bss) for __libspace_start
    rtexit.o(.ARM.Collect$$rtexit$$00000000) refers (Special) to rtexit2.o(.ARM.Collect$$rtexit$$00000004) for __rt_exit_exit
    rtexit.o(.ARM.Collect$$rtexit$$00000000) refers (Special) to rtexit2.o(.ARM.Collect$$rtexit$$00000003) for __rt_exit_ls
    rtexit.o(.ARM.Collect$$rtexit$$00000000) refers (Special) to rtexit2.o(.ARM.Collect$$rtexit$$00000002) for __rt_exit_prels_1
    rtexit.o(.ARM.exidx) refers (Special) to rtexit2.o(.ARM.Collect$$rtexit$$00000004) for __rt_exit_exit
    rtexit.o(.ARM.exidx) refers (Special) to rtexit2.o(.ARM.Collect$$rtexit$$00000003) for __rt_exit_ls
    rtexit.o(.ARM.exidx) refers (Special) to rtexit2.o(.ARM.Collect$$rtexit$$00000002) for __rt_exit_prels_1
    rtexit.o(.ARM.exidx) refers to rtexit.o(.ARM.Collect$$rtexit$$00000000) for .ARM.Collect$$rtexit$$00000000
    rt_raise.o(.text) refers to __raise.o(.text) for __raise
    rt_raise.o(.text) refers to board.o(i._sys_exit) for _sys_exit
    defsig_exit.o(.text) refers to board.o(i._sys_exit) for _sys_exit
    defsig_fpe_inner.o(.text) refers to defsig_general.o(.text) for __default_signal_display
    libinit2.o(.ARM.Collect$$libinit$$00000001) refers to fpinit.o(x$fpl$fpinit) for _fp_init
    libinit2.o(.ARM.Collect$$libinit$$0000000E) refers to libinit2.o(.ARM.Collect$$libinit$$0000000D) for .ARM.Collect$$libinit$$0000000D
    libinit2.o(.ARM.Collect$$libinit$$00000010) refers to libinit2.o(.ARM.Collect$$libinit$$0000000D) for .ARM.Collect$$libinit$$0000000D
    libinit2.o(.ARM.Collect$$libinit$$00000012) refers to libinit2.o(.ARM.Collect$$libinit$$0000000D) for .ARM.Collect$$libinit$$0000000D
    libinit2.o(.ARM.Collect$$libinit$$00000014) refers to libinit2.o(.ARM.Collect$$libinit$$0000000D) for .ARM.Collect$$libinit$$0000000D
    libinit2.o(.ARM.Collect$$libinit$$00000016) refers to libinit2.o(.ARM.Collect$$libinit$$0000000D) for .ARM.Collect$$libinit$$0000000D
    libinit2.o(.ARM.Collect$$libinit$$00000024) refers to argv_veneer.o(.emb_text) for __ARM_argv_veneer
    libinit2.o(.ARM.Collect$$libinit$$00000025) refers to argv_veneer.o(.emb_text) for __ARM_argv_veneer
    rtexit2.o(.ARM.Collect$$rtexit$$00000003) refers to libshutdown.o(.ARM.Collect$$libshutdown$$00000000) for __rt_lib_shutdown
    rtexit2.o(.ARM.Collect$$rtexit$$00000004) refers to board.o(i._sys_exit) for _sys_exit
    rtexit2.o(.ARM.exidx) refers to rtexit2.o(.ARM.Collect$$rtexit$$00000001) for .ARM.Collect$$rtexit$$00000001
    rtexit2.o(.ARM.exidx) refers to rtexit2.o(.ARM.Collect$$rtexit$$00000003) for .ARM.Collect$$rtexit$$00000003
    rtexit2.o(.ARM.exidx) refers to rtexit2.o(.ARM.Collect$$rtexit$$00000004) for .ARM.Collect$$rtexit$$00000004
    __raise.o(.text) refers to defsig.o(CL$$defsig) for __default_signal_handler
    defsig_general.o(.text) refers to sys_wrch.o(.text) for _ttywrch
    argv_veneer.o(.emb_text) refers to no_argv.o(.text) for __ARM_get_argv
    sys_wrch.o(.text) refers (Special) to use_no_semi.o(.text) for __I$use$semihosting
    sys_wrch.o(.text) refers (Special) to indicate_semi.o(.text) for __semihosting_library_function
    defsig.o(CL$$defsig) refers to defsig_fpe_inner.o(.text) for __rt_SIGFPE_inner
    defsig.o(CL$$defsig) refers to defsig_rtmem_inner.o(.text) for __rt_SIGRTMEM_inner
    _get_argv_nomalloc.o(.text) refers (Special) to hrguard.o(.text) for __heap_region$guard
    _get_argv_nomalloc.o(.text) refers to defsig_rtmem_outer.o(.text) for __rt_SIGRTMEM
    _get_argv_nomalloc.o(.text) refers to sys_command.o(.text) for _sys_command_string
    libshutdown.o(.ARM.Collect$$libshutdown$$00000000) refers (Special) to libshutdown2.o(.ARM.Collect$$libshutdown$$00000006) for __rt_lib_shutdown_fp_trap_1
    libshutdown.o(.ARM.Collect$$libshutdown$$00000000) refers (Special) to libshutdown2.o(.ARM.Collect$$libshutdown$$0000000E) for __rt_lib_shutdown_heap_1
    libshutdown.o(.ARM.Collect$$libshutdown$$00000000) refers (Special) to libshutdown2.o(.ARM.Collect$$libshutdown$$0000000F) for __rt_lib_shutdown_return
    libshutdown.o(.ARM.Collect$$libshutdown$$00000000) refers (Special) to libshutdown2.o(.ARM.Collect$$libshutdown$$00000009) for __rt_lib_shutdown_signal_1
    libshutdown.o(.ARM.Collect$$libshutdown$$00000000) refers (Special) to libshutdown2.o(.ARM.Collect$$libshutdown$$00000003) for __rt_lib_shutdown_stdio_1
    libshutdown.o(.ARM.Collect$$libshutdown$$00000000) refers (Special) to libshutdown2.o(.ARM.Collect$$libshutdown$$0000000B) for __rt_lib_shutdown_user_alloc_1
    sys_command.o(.text) refers (Special) to use_no_semi.o(.text) for __I$use$semihosting
    sys_command.o(.text) refers (Special) to indicate_semi.o(.text) for __semihosting_library_function
    defsig_abrt_inner.o(.text) refers to defsig_general.o(.text) for __default_signal_display
    defsig_rtred_inner.o(.text) refers to defsig_general.o(.text) for __default_signal_display
    defsig_rtmem_inner.o(.text) refers to defsig_general.o(.text) for __default_signal_display
    defsig_rtmem_outer.o(.text) refers to defsig_rtmem_inner.o(.text) for __rt_SIGRTMEM_inner
    defsig_rtmem_outer.o(.text) refers to defsig_exit.o(.text) for __sig_exit
    defsig_rtmem_formal.o(.text) refers to rt_raise.o(.text) for __rt_raise
    defsig_stak_inner.o(.text) refers to defsig_general.o(.text) for __default_signal_display
    defsig_pvfn_inner.o(.text) refers to defsig_general.o(.text) for __default_signal_display
    defsig_cppl_inner.o(.text) refers to defsig_general.o(.text) for __default_signal_display
    defsig_segv_inner.o(.text) refers to defsig_general.o(.text) for __default_signal_display
    defsig_other.o(.text) refers to defsig_general.o(.text) for __default_signal_display


==============================================================================

Removing Unused input sections from the image.

    Removing blinky_m4.o(.rev16_text), (4 bytes).
    Removing blinky_m4.o(.revsh_text), (4 bytes).
    Removing sysinit.o(.rev16_text), (4 bytes).
    Removing sysinit.o(.revsh_text), (4 bytes).
    Removing ipc_example.o(.rev16_text), (4 bytes).
    Removing ipc_example.o(.revsh_text), (4 bytes).
    Removing m0_img_ldr.o(.rev16_text), (4 bytes).
    Removing m0_img_ldr.o(.revsh_text), (4 bytes).
    Removing ipc_msg.o(.rev16_text), (4 bytes).
    Removing ipc_msg.o(.revsh_text), (4 bytes).
    Removing chip_18xx_43xx.o(.rev16_text), (4 bytes).
    Removing chip_18xx_43xx.o(.revsh_text), (4 bytes).
    Removing chip_18xx_43xx.o(i.Chip_USB0_Init), (52 bytes).
    Removing chip_18xx_43xx.o(i.Chip_USB1_Init), (68 bytes).
    Removing chip_18xx_43xx.o(i.Chip_USB_PllSetup), (52 bytes).
    Removing chip_18xx_43xx.o(.constdata), (20 bytes).
    Removing clock_18xx_43xx.o(.rev16_text), (4 bytes).
    Removing clock_18xx_43xx.o(.revsh_text), (4 bytes).
    Removing clock_18xx_43xx.o(i.Chip_Clock_ClearPowerDown), (20 bytes).
    Removing clock_18xx_43xx.o(i.Chip_Clock_Disable), (52 bytes).
    Removing clock_18xx_43xx.o(i.Chip_Clock_DisableBaseClock), (24 bytes).
    Removing clock_18xx_43xx.o(i.Chip_Clock_DisableCrystal), (16 bytes).
    Removing clock_18xx_43xx.o(i.Chip_Clock_DisablePLL), (20 bytes).
    Removing clock_18xx_43xx.o(i.Chip_Clock_EnableBaseClock), (24 bytes).
    Removing clock_18xx_43xx.o(i.Chip_Clock_EnableMainPLL), (16 bytes).
    Removing clock_18xx_43xx.o(i.Chip_Clock_EnablePLL), (20 bytes).
    Removing clock_18xx_43xx.o(i.Chip_Clock_GetBaseClockOpts), (52 bytes).
    Removing clock_18xx_43xx.o(i.Chip_Clock_GetPLLStatus), (16 bytes).
    Removing clock_18xx_43xx.o(i.Chip_Clock_IsBaseClockEnabled), (28 bytes).
    Removing clock_18xx_43xx.o(i.Chip_Clock_MainPLLLocked), (16 bytes).
    Removing clock_18xx_43xx.o(i.Chip_Clock_RTCEnable), (24 bytes).
    Removing clock_18xx_43xx.o(i.Chip_Clock_SetupPLL), (52 bytes).
    Removing clock_18xx_43xx.o(i.Chip_Clock_StartPowerDown), (20 bytes).
    Removing rgu_18xx_43xx.o(.rev16_text), (4 bytes).
    Removing rgu_18xx_43xx.o(.revsh_text), (4 bytes).
    Removing rgu_18xx_43xx.o(i.Chip_RGU_InReset), (32 bytes).
    Removing fpu_init.o(.rev16_text), (4 bytes).
    Removing fpu_init.o(.revsh_text), (4 bytes).
    Removing board.o(.rev16_text), (4 bytes).
    Removing board.o(.revsh_text), (4 bytes).
    Removing board.o(i.Board_ADC_Init), (2 bytes).
    Removing board.o(i.Board_Audio_CodecInit), (84 bytes).
    Removing board.o(i.Board_Audio_Init), (56 bytes).
    Removing board.o(i.Board_Buttons_Init), (32 bytes).
    Removing board.o(i.Board_DAC_Init), (16 bytes).
    Removing board.o(i.Board_ENET_GetMacADDR), (32 bytes).
    Removing board.o(i.Board_GetTouchPos), (56 bytes).
    Removing board.o(i.Board_I2C_GetTouchPos), (172 bytes).
    Removing board.o(i.Board_I2C_Init), (44 bytes).
    Removing board.o(i.Board_InitLCDController), (604 bytes).
    Removing board.o(i.Board_InitTouchController), (208 bytes).
    Removing board.o(i.Board_Joystick_Init), (112 bytes).
    Removing board.o(i.Board_LCD_Init), (40 bytes).
    Removing board.o(i.Board_LED_Set), (36 bytes).
    Removing board.o(i.Board_LED_Test), (32 bytes).
    Removing board.o(i.Board_LED_Toggle), (22 bytes).
    Removing board.o(i.Board_SDMMC_Init), (76 bytes).
    Removing board.o(i.Board_SSP_Init), (108 bytes).
    Removing board.o(i.Board_SetLCDBacklight), (16 bytes).
    Removing board.o(i.Board_UARTGetChar), (24 bytes).
    Removing board.o(i.Buttons_GetStatus), (28 bytes).
    Removing board.o(i.Chip_GPIO_GetPinState), (14 bytes).
    Removing board.o(i.Chip_GPIO_SetPinDIRInput), (20 bytes).
    Removing board.o(i.Joystick_GetStatus), (96 bytes).
    Removing board.o(i._sys_open), (4 bytes).
    Removing board.o(i.ferror), (6 bytes).
    Removing board.o(i.fgetc), (4 bytes).
    Removing board.o(i.fputc), (12 bytes).
    Removing board.o(i.getTSCCoord), (114 bytes).
    Removing board.o(i.readTSCReg), (20 bytes).
    Removing board.o(i.writeLCDReg), (112 bytes).
    Removing board.o(i.writeTSCReg), (24 bytes).
    Removing board.o(.constdata), (4 bytes).
    Removing board.o(.constdata), (4 bytes).
    Removing board.o(.constdata), (4 bytes).
    Removing board.o(.constdata), (4 bytes).
    Removing board.o(.constdata), (22 bytes).
    Removing board.o(.data), (4 bytes).
    Removing board.o(.data), (4 bytes).
    Removing board.o(.data), (4 bytes).
    Removing board.o(.data), (8 bytes).
    Removing board_sysinit.o(.rev16_text), (4 bytes).
    Removing board_sysinit.o(.revsh_text), (4 bytes).
    Removing emc_18xx_43xx.o(.rev16_text), (4 bytes).
    Removing emc_18xx_43xx.o(.revsh_text), (4 bytes).
    Removing emc_18xx_43xx.o(i.Chip_EMC_Dynamic_Enable), (28 bytes).
    Removing emc_18xx_43xx.o(i.Chip_EMC_Enable), (28 bytes).
    Removing emc_18xx_43xx.o(i.Chip_EMC_LowPowerMode), (28 bytes).
    Removing emc_18xx_43xx.o(i.Chip_EMC_Mirror), (28 bytes).
    Removing gpio_18xx_43xx.o(.rev16_text), (4 bytes).
    Removing gpio_18xx_43xx.o(.revsh_text), (4 bytes).
    Removing gpio_18xx_43xx.o(i.Chip_GPIO_DeInit), (2 bytes).
    Removing gpio_18xx_43xx.o(i.Chip_GPIO_SetDir), (22 bytes).
    Removing gpio_18xx_43xx.o(i.Chip_GPIO_SetPinDIR), (26 bytes).
    Removing gpio_18xx_43xx.o(i.Chip_GPIO_SetPortDIR), (22 bytes).
    Removing gpio_18xx_43xx.o(i.Chip_GPIO_WriteDirBit), (28 bytes).
    Removing i2c_18xx_43xx.o(.rev16_text), (4 bytes).
    Removing i2c_18xx_43xx.o(.revsh_text), (4 bytes).
    Removing i2c_18xx_43xx.o(i.Chip_I2C_DeInit), (28 bytes).
    Removing i2c_18xx_43xx.o(i.Chip_I2C_Disable), (20 bytes).
    Removing i2c_18xx_43xx.o(i.Chip_I2C_EventHandler), (32 bytes).
    Removing i2c_18xx_43xx.o(i.Chip_I2C_EventHandlerPolling), (52 bytes).
    Removing i2c_18xx_43xx.o(i.Chip_I2C_GetClockRate), (36 bytes).
    Removing i2c_18xx_43xx.o(i.Chip_I2C_GetMasterEventHandler), (20 bytes).
    Removing i2c_18xx_43xx.o(i.Chip_I2C_Init), (32 bytes).
    Removing i2c_18xx_43xx.o(i.Chip_I2C_IsMasterActive), (32 bytes).
    Removing i2c_18xx_43xx.o(i.Chip_I2C_IsStateChanged), (24 bytes).
    Removing i2c_18xx_43xx.o(i.Chip_I2C_MasterCmdRead), (56 bytes).
    Removing i2c_18xx_43xx.o(i.Chip_I2C_MasterRead), (48 bytes).
    Removing i2c_18xx_43xx.o(i.Chip_I2C_MasterSend), (48 bytes).
    Removing i2c_18xx_43xx.o(i.Chip_I2C_MasterStateHandler), (48 bytes).
    Removing i2c_18xx_43xx.o(i.Chip_I2C_MasterTransfer), (100 bytes).
    Removing i2c_18xx_43xx.o(i.Chip_I2C_SetClockRate), (44 bytes).
    Removing i2c_18xx_43xx.o(i.Chip_I2C_SetMasterEventHandler), (36 bytes).
    Removing i2c_18xx_43xx.o(i.Chip_I2C_SlaveSetup), (112 bytes).
    Removing i2c_18xx_43xx.o(i.Chip_I2C_SlaveStateHandler), (104 bytes).
    Removing i2c_18xx_43xx.o(i.getClkRate), (20 bytes).
    Removing i2c_18xx_43xx.o(i.getSlaveIndex), (46 bytes).
    Removing i2c_18xx_43xx.o(i.handleMasterXferState), (180 bytes).
    Removing i2c_18xx_43xx.o(i.handleSlaveXferState), (152 bytes).
    Removing i2c_18xx_43xx.o(i.isSlaveAddrMatching), (20 bytes).
    Removing i2c_18xx_43xx.o(i.lookupSlaveIndex), (90 bytes).
    Removing i2c_18xx_43xx.o(.bss), (80 bytes).
    Removing i2c_18xx_43xx.o(.data), (56 bytes).
    Removing i2s_18xx_43xx.o(.rev16_text), (4 bytes).
    Removing i2s_18xx_43xx.o(.revsh_text), (4 bytes).
    Removing i2s_18xx_43xx.o(i.Chip_I2S_DMA_RxCmd), (40 bytes).
    Removing i2s_18xx_43xx.o(i.Chip_I2S_DMA_TxCmd), (40 bytes).
    Removing i2s_18xx_43xx.o(i.Chip_I2S_DeInit), (30 bytes).
    Removing i2s_18xx_43xx.o(i.Chip_I2S_Init), (6 bytes).
    Removing i2s_18xx_43xx.o(i.Chip_I2S_Int_RxCmd), (36 bytes).
    Removing i2s_18xx_43xx.o(i.Chip_I2S_Int_TxCmd), (36 bytes).
    Removing i2s_18xx_43xx.o(i.Chip_I2S_RxConfig), (108 bytes).
    Removing i2s_18xx_43xx.o(i.Chip_I2S_TxConfig), (108 bytes).
    Removing i2s_18xx_43xx.o(i.getClkDiv), (218 bytes).
    Removing ssp_18xx_43xx.o(.rev16_text), (4 bytes).
    Removing ssp_18xx_43xx.o(.revsh_text), (4 bytes).
    Removing ssp_18xx_43xx.o(i.Chip_SSP_DeInit), (22 bytes).
    Removing ssp_18xx_43xx.o(i.Chip_SSP_GetClockIndex), (20 bytes).
    Removing ssp_18xx_43xx.o(i.Chip_SSP_GetRawIntStatus), (10 bytes).
    Removing ssp_18xx_43xx.o(i.Chip_SSP_GetStatus), (10 bytes).
    Removing ssp_18xx_43xx.o(i.Chip_SSP_Init), (48 bytes).
    Removing ssp_18xx_43xx.o(i.Chip_SSP_Int_FlushData), (42 bytes).
    Removing ssp_18xx_43xx.o(i.Chip_SSP_Int_RWFrames16Bits), (84 bytes).
    Removing ssp_18xx_43xx.o(i.Chip_SSP_Int_RWFrames8Bits), (84 bytes).
    Removing ssp_18xx_43xx.o(i.Chip_SSP_RWFrames_Blocking), (186 bytes).
    Removing ssp_18xx_43xx.o(i.Chip_SSP_ReadFrames_Blocking), (198 bytes).
    Removing ssp_18xx_43xx.o(i.Chip_SSP_SetBitRate), (60 bytes).
    Removing ssp_18xx_43xx.o(i.Chip_SSP_SetClockRate), (18 bytes).
    Removing ssp_18xx_43xx.o(i.Chip_SSP_SetMaster), (18 bytes).
    Removing ssp_18xx_43xx.o(i.Chip_SSP_WriteFrames_Blocking), (184 bytes).
    Removing ssp_18xx_43xx.o(i.SSP_Read1BFifo), (46 bytes).
    Removing ssp_18xx_43xx.o(i.SSP_Read2BFifo), (46 bytes).
    Removing ssp_18xx_43xx.o(i.SSP_Write1BFifo), (22 bytes).
    Removing ssp_18xx_43xx.o(i.SSP_Write2BFifo), (24 bytes).
    Removing uart_18xx_43xx.o(.rev16_text), (4 bytes).
    Removing uart_18xx_43xx.o(.revsh_text), (4 bytes).
    Removing uart_18xx_43xx.o(i.Chip_UART_ABCmd), (56 bytes).
    Removing uart_18xx_43xx.o(i.Chip_UART_CheckBusy), (14 bytes).
    Removing uart_18xx_43xx.o(i.Chip_UART_DeInit), (18 bytes).
    Removing uart_18xx_43xx.o(i.Chip_UART_GetABEOStatus), (12 bytes).
    Removing uart_18xx_43xx.o(i.Chip_UART_IRQRBHandler), (108 bytes).
    Removing uart_18xx_43xx.o(i.Chip_UART_RXIntHandlerRB), (30 bytes).
    Removing uart_18xx_43xx.o(i.Chip_UART_Read), (28 bytes).
    Removing uart_18xx_43xx.o(i.Chip_UART_ReadBlocking), (36 bytes).
    Removing uart_18xx_43xx.o(i.Chip_UART_ReadRB), (16 bytes).
    Removing uart_18xx_43xx.o(i.Chip_UART_Send), (28 bytes).
    Removing uart_18xx_43xx.o(i.Chip_UART_SendBlocking), (36 bytes).
    Removing uart_18xx_43xx.o(i.Chip_UART_SendRB), (64 bytes).
    Removing uart_18xx_43xx.o(i.Chip_UART_SetBaudFDR), (110 bytes).
    Removing uart_18xx_43xx.o(i.Chip_UART_TXIntHandlerRB), (52 bytes).
    Removing uart_18xx_43xx.o(i.RingBuffer_IsEmpty), (16 bytes).
    Removing uart_18xx_43xx.o(.data), (1 bytes).
    Removing sysinit_18xx_43xx.o(.rev16_text), (4 bytes).
    Removing sysinit_18xx_43xx.o(.revsh_text), (4 bytes).
    Removing sysinit_18xx_43xx.o(i.Chip_SetupIrcClocking), (100 bytes).
    Removing sysinit_18xx_43xx.o(i.Chip_SystemInit), (4 bytes).
    Removing uda1380.o(.rev16_text), (4 bytes).
    Removing uda1380.o(.revsh_text), (4 bytes).
    Removing uda1380.o(i.Audio_Codec_SetDefaultValues), (28 bytes).
    Removing uda1380.o(i.UDA1380_Init), (136 bytes).
    Removing uda1380.o(i.UDA1380_REG_Read), (34 bytes).
    Removing uda1380.o(i.UDA1380_REG_VerifyMult), (56 bytes).
    Removing uda1380.o(i.UDA1380_REG_Write), (30 bytes).
    Removing uda1380.o(i.UDA1380_REG_WriteMult), (28 bytes).
    Removing uda1380.o(i.UDA1380_REG_WriteVerify), (28 bytes).
    Removing uda1380.o(.constdata), (31 bytes).
    Removing ring_buffer.o(i.RingBuffer_Init), (16 bytes).
    Removing ring_buffer.o(i.RingBuffer_Insert), (48 bytes).
    Removing ring_buffer.o(i.RingBuffer_InsertMult), (122 bytes).
    Removing ring_buffer.o(i.RingBuffer_IsEmpty), (16 bytes).
    Removing ring_buffer.o(i.RingBuffer_IsFull), (20 bytes).
    Removing ring_buffer.o(i.RingBuffer_Pop), (48 bytes).
    Removing ring_buffer.o(i.RingBuffer_PopMult), (118 bytes).

194 unused section(s) (total 8020 bytes) removed from the image.

==============================================================================

Image Symbol Table

    Local Symbols

    Symbol Name                              Value     Ov Type        Size  Object(Section)

    ../clib/angel/boardlib.s                 0x00000000   Number         0  boardinit3.o ABSOLUTE
    ../clib/angel/boardlib.s                 0x00000000   Number         0  boardinit2.o ABSOLUTE
    ../clib/angel/boardlib.s                 0x00000000   Number         0  boardshut.o ABSOLUTE
    ../clib/angel/boardlib.s                 0x00000000   Number         0  boardinit1.o ABSOLUTE
    ../clib/angel/handlers.s                 0x00000000   Number         0  __scatter_copy.o ABSOLUTE
    ../clib/angel/handlers.s                 0x00000000   Number         0  __scatter_zi.o ABSOLUTE
    ../clib/angel/kernel.s                   0x00000000   Number         0  rtentry.o ABSOLUTE
    ../clib/angel/kernel.s                   0x00000000   Number         0  rtentry2.o ABSOLUTE
    ../clib/angel/kernel.s                   0x00000000   Number         0  rtexit.o ABSOLUTE
    ../clib/angel/kernel.s                   0x00000000   Number         0  rtentry4.o ABSOLUTE
    ../clib/angel/kernel.s                   0x00000000   Number         0  rtexit2.o ABSOLUTE
    ../clib/angel/rt.s                       0x00000000   Number         0  aeabi_ldiv0.o ABSOLUTE
    ../clib/angel/rt.s                       0x00000000   Number         0  aeabi_ldiv0_sigfpe.o ABSOLUTE
    ../clib/angel/rt.s                       0x00000000   Number         0  rt_raise.o ABSOLUTE
    ../clib/angel/rt.s                       0x00000000   Number         0  rt_div0.o ABSOLUTE
    ../clib/angel/scatter.s                  0x00000000   Number         0  __scatter.o ABSOLUTE
    ../clib/angel/startup.s                  0x00000000   Number         0  __main.o ABSOLUTE
    ../clib/angel/sys.s                      0x00000000   Number         0  indicate_semi.o ABSOLUTE
    ../clib/angel/sys.s                      0x00000000   Number         0  use_no_semi.o ABSOLUTE
    ../clib/angel/sys.s                      0x00000000   Number         0  sys_stackheap_outer.o ABSOLUTE
    ../clib/angel/sys.s                      0x00000000   Number         0  libspace.o ABSOLUTE
    ../clib/angel/sysapp.c                   0x00000000   Number         0  sys_wrch.o ABSOLUTE
    ../clib/angel/sysapp.c                   0x00000000   Number         0  sys_command.o ABSOLUTE
    ../clib/armsys.c                         0x00000000   Number         0  argv_veneer.o ABSOLUTE
    ../clib/armsys.c                         0x00000000   Number         0  argv_veneer.o ABSOLUTE
    ../clib/armsys.c                         0x00000000   Number         0  no_argv.o ABSOLUTE
    ../clib/armsys.c                         0x00000000   Number         0  _get_argv_nomalloc.o ABSOLUTE
    ../clib/heapalloc.c                      0x00000000   Number         0  hrguard.o ABSOLUTE
    ../clib/heapaux.c                        0x00000000   Number         0  heapauxi.o ABSOLUTE
    ../clib/libinit.s                        0x00000000   Number         0  libshutdown.o ABSOLUTE
    ../clib/libinit.s                        0x00000000   Number         0  libinit2.o ABSOLUTE
    ../clib/libinit.s                        0x00000000   Number         0  libinit.o ABSOLUTE
    ../clib/libinit.s                        0x00000000   Number         0  libshutdown2.o ABSOLUTE
    ../clib/longlong.s                       0x00000000   Number         0  lludivv7m.o ABSOLUTE
    ../clib/memcpset.s                       0x00000000   Number         0  rt_memcpy_w.o ABSOLUTE
    ../clib/memcpset.s                       0x00000000   Number         0  rt_memclr_w.o ABSOLUTE
    ../clib/memcpset.s                       0x00000000   Number         0  rt_memcpy_v6.o ABSOLUTE
    ../clib/signal.c                         0x00000000   Number         0  defsig_fpe_formal.o ABSOLUTE
    ../clib/signal.c                         0x00000000   Number         0  defsig_fpe_outer.o ABSOLUTE
    ../clib/signal.c                         0x00000000   Number         0  defsig_rtmem_outer.o ABSOLUTE
    ../clib/signal.c                         0x00000000   Number         0  defsig_rtmem_inner.o ABSOLUTE
    ../clib/signal.c                         0x00000000   Number         0  defsig_rtred_inner.o ABSOLUTE
    ../clib/signal.c                         0x00000000   Number         0  defsig_abrt_inner.o ABSOLUTE
    ../clib/signal.c                         0x00000000   Number         0  defsig_general.o ABSOLUTE
    ../clib/signal.c                         0x00000000   Number         0  __raise.o ABSOLUTE
    ../clib/signal.c                         0x00000000   Number         0  defsig_fpe_inner.o ABSOLUTE
    ../clib/signal.c                         0x00000000   Number         0  defsig_exit.o ABSOLUTE
    ../clib/signal.c                         0x00000000   Number         0  defsig_other.o ABSOLUTE
    ../clib/signal.c                         0x00000000   Number         0  defsig_segv_inner.o ABSOLUTE
    ../clib/signal.c                         0x00000000   Number         0  defsig_cppl_inner.o ABSOLUTE
    ../clib/signal.c                         0x00000000   Number         0  defsig_pvfn_inner.o ABSOLUTE
    ../clib/signal.c                         0x00000000   Number         0  defsig_stak_inner.o ABSOLUTE
    ../clib/signal.c                         0x00000000   Number         0  defsig_rtmem_formal.o ABSOLUTE
    ../clib/signal.s                         0x00000000   Number         0  defsig.o ABSOLUTE
    ../clib/stdlib.c                         0x00000000   Number         0  exit.o ABSOLUTE
    ../fplib/fpinit.s                        0x00000000   Number         0  fpinit.o ABSOLUTE
    ..\..\board_common\uda1380.c             0x00000000   Number         0  uda1380.o ABSOLUTE
    ..\\..\\board_common\\uda1380.c          0x00000000   Number         0  uda1380.o ABSOLUTE
    ..\\chip_common\\fpu_init.c              0x00000000   Number         0  fpu_init.o ABSOLUTE
    ..\chip_common\fpu_init.c                0x00000000   Number         0  fpu_init.o ABSOLUTE
    ..\chip_common\ring_buffer.c             0x00000000   Number         0  ring_buffer.o ABSOLUTE
    Dependence\\ipc_example.c                0x00000000   Number         0  ipc_example.o ABSOLUTE
    Dependence\\ipc_msg.c                    0x00000000   Number         0  ipc_msg.o ABSOLUTE
    Dependence\\m0_img_ldr.c                 0x00000000   Number         0  m0_img_ldr.o ABSOLUTE
    Dependence\ipc_example.c                 0x00000000   Number         0  ipc_example.o ABSOLUTE
    Dependence\ipc_msg.c                     0x00000000   Number         0  ipc_msg.o ABSOLUTE
    Dependence\m0_img_ldr.c                  0x00000000   Number         0  m0_img_ldr.o ABSOLUTE
    blinky_m4.c                              0x00000000   Number         0  blinky_m4.o ABSOLUTE
    blinky_m4.c                              0x00000000   Number         0  blinky_m4.o ABSOLUTE
    board.c                                  0x00000000   Number         0  board.o ABSOLUTE
    board.c                                  0x00000000   Number         0  board.o ABSOLUTE
    board_sysinit.c                          0x00000000   Number         0  board_sysinit.o ABSOLUTE
    board_sysinit.c                          0x00000000   Number         0  board_sysinit.o ABSOLUTE
    chip_18xx_43xx.c                         0x00000000   Number         0  chip_18xx_43xx.o ABSOLUTE
    chip_18xx_43xx.c                         0x00000000   Number         0  chip_18xx_43xx.o ABSOLUTE
    clock_18xx_43xx.c                        0x00000000   Number         0  clock_18xx_43xx.o ABSOLUTE
    clock_18xx_43xx.c                        0x00000000   Number         0  clock_18xx_43xx.o ABSOLUTE
    dc.s                                     0x00000000   Number         0  dc.o ABSOLUTE
    emc_18xx_43xx.c                          0x00000000   Number         0  emc_18xx_43xx.o ABSOLUTE
    emc_18xx_43xx.c                          0x00000000   Number         0  emc_18xx_43xx.o ABSOLUTE
    gpio_18xx_43xx.c                         0x00000000   Number         0  gpio_18xx_43xx.o ABSOLUTE
    gpio_18xx_43xx.c                         0x00000000   Number         0  gpio_18xx_43xx.o ABSOLUTE
    i2c_18xx_43xx.c                          0x00000000   Number         0  i2c_18xx_43xx.o ABSOLUTE
    i2c_18xx_43xx.c                          0x00000000   Number         0  i2c_18xx_43xx.o ABSOLUTE
    i2s_18xx_43xx.c                          0x00000000   Number         0  i2s_18xx_43xx.o ABSOLUTE
    i2s_18xx_43xx.c                          0x00000000   Number         0  i2s_18xx_43xx.o ABSOLUTE
    keil_startup_lpc18xx43xx.s               0x00000000   Number         0  keil_startup_lpc18xx43xx.o ABSOLUTE
    rgu_18xx_43xx.c                          0x00000000   Number         0  rgu_18xx_43xx.o ABSOLUTE
    rgu_18xx_43xx.c                          0x00000000   Number         0  rgu_18xx_43xx.o ABSOLUTE
    ssp_18xx_43xx.c                          0x00000000   Number         0  ssp_18xx_43xx.o ABSOLUTE
    ssp_18xx_43xx.c                          0x00000000   Number         0  ssp_18xx_43xx.o ABSOLUTE
    sysinit.c                                0x00000000   Number         0  sysinit.o ABSOLUTE
    sysinit.c                                0x00000000   Number         0  sysinit.o ABSOLUTE
    sysinit_18xx_43xx.c                      0x00000000   Number         0  sysinit_18xx_43xx.o ABSOLUTE
    sysinit_18xx_43xx.c                      0x00000000   Number         0  sysinit_18xx_43xx.o ABSOLUTE
    uart_18xx_43xx.c                         0x00000000   Number         0  uart_18xx_43xx.o ABSOLUTE
    uart_18xx_43xx.c                         0x00000000   Number         0  uart_18xx_43xx.o ABSOLUTE
    .data                                    0x10000000   Section        4  ipc_example.o(.data)
    gblUpdateFn                              0x10000000   Data           4  ipc_example.o(.data)
    .data                                    0x10000004   Section       32  ipc_msg.o(.data)
    q_ipc                                    0x10000004   Data           4  ipc_msg.o(.data)
    ipc_errstr                               0x10000008   Data          24  ipc_msg.o(.data)
    .data                                    0x10000024   Section        4  chip_18xx_43xx.o(.data)
    .data                                    0x10000028   Section        8  clock_18xx_43xx.o(.data)
    audio_usb_pll_freq                       0x10000028   Data           8  clock_18xx_43xx.o(.data)
    .bss                                     0x10000030   Section      880  ipc_example.o(.bss)
    ipcex_callback_lookup                    0x10000030   Data          80  ipc_example.o(.bss)
    ipcex_queue                              0x10000080   Data         768  ipc_example.o(.bss)
    gblCfg                                   0x10000380   Data          32  ipc_example.o(.bss)
    .bss                                     0x100003a0   Section       96  libspace.o(.bss)
    HEAP                                     0x10000400   Section        0  keil_startup_lpc18xx43xx.o(HEAP)
    STACK                                    0x10000400   Section      512  keil_startup_lpc18xx43xx.o(STACK)
    Heap_Mem                                 0x10000400   Data           0  keil_startup_lpc18xx43xx.o(HEAP)
    Stack_Mem                                0x10000400   Data         512  keil_startup_lpc18xx43xx.o(STACK)
    __initial_sp                             0x10000600   Data           0  keil_startup_lpc18xx43xx.o(STACK)
    RESET                                    0x1a000000   Section      276  keil_startup_lpc18xx43xx.o(RESET)
    !!!main                                  0x1a000114   Section        8  __main.o(!!!main)
    !!!scatter                               0x1a00011c   Section       52  __scatter.o(!!!scatter)
    !!handler_copy                           0x1a000150   Section       26  __scatter_copy.o(!!handler_copy)
    !!handler_zi                             0x1a00016c   Section       28  __scatter_zi.o(!!handler_zi)
    .ARM.Collect$$libinit$$00000000          0x1a000188   Section        2  libinit.o(.ARM.Collect$$libinit$$00000000)
    .ARM.Collect$$libinit$$00000001          0x1a00018a   Section        4  libinit2.o(.ARM.Collect$$libinit$$00000001)
    .ARM.Collect$$libinit$$00000008          0x1a00018e   Section        0  libinit2.o(.ARM.Collect$$libinit$$00000008)
    .ARM.Collect$$libinit$$0000000A          0x1a00018e   Section        0  libinit2.o(.ARM.Collect$$libinit$$0000000A)
    .ARM.Collect$$libinit$$0000000C          0x1a00018e   Section        0  libinit2.o(.ARM.Collect$$libinit$$0000000C)
    .ARM.Collect$$libinit$$0000000F          0x1a00018e   Section        0  libinit2.o(.ARM.Collect$$libinit$$0000000F)
    .ARM.Collect$$libinit$$00000011          0x1a00018e   Section        0  libinit2.o(.ARM.Collect$$libinit$$00000011)
    .ARM.Collect$$libinit$$00000013          0x1a00018e   Section        0  libinit2.o(.ARM.Collect$$libinit$$00000013)
    .ARM.Collect$$libinit$$00000015          0x1a00018e   Section        0  libinit2.o(.ARM.Collect$$libinit$$00000015)
    .ARM.Collect$$libinit$$00000017          0x1a00018e   Section        0  libinit2.o(.ARM.Collect$$libinit$$00000017)
    .ARM.Collect$$libinit$$00000019          0x1a00018e   Section        0  libinit2.o(.ARM.Collect$$libinit$$00000019)
    .ARM.Collect$$libinit$$0000001B          0x1a00018e   Section        0  libinit2.o(.ARM.Collect$$libinit$$0000001B)
    .ARM.Collect$$libinit$$0000001D          0x1a00018e   Section        0  libinit2.o(.ARM.Collect$$libinit$$0000001D)
    .ARM.Collect$$libinit$$0000001F          0x1a00018e   Section        0  libinit2.o(.ARM.Collect$$libinit$$0000001F)
    .ARM.Collect$$libinit$$00000021          0x1a00018e   Section        0  libinit2.o(.ARM.Collect$$libinit$$00000021)
    .ARM.Collect$$libinit$$00000023          0x1a00018e   Section        0  libinit2.o(.ARM.Collect$$libinit$$00000023)
    .ARM.Collect$$libinit$$0000002A          0x1a00018e   Section        0  libinit2.o(.ARM.Collect$$libinit$$0000002A)
    .ARM.Collect$$libinit$$0000002C          0x1a00018e   Section        0  libinit2.o(.ARM.Collect$$libinit$$0000002C)
    .ARM.Collect$$libinit$$0000002E          0x1a00018e   Section        0  libinit2.o(.ARM.Collect$$libinit$$0000002E)
    .ARM.Collect$$libinit$$00000030          0x1a00018e   Section        0  libinit2.o(.ARM.Collect$$libinit$$00000030)
    .ARM.Collect$$libinit$$00000031          0x1a00018e   Section        2  libinit2.o(.ARM.Collect$$libinit$$00000031)
    .ARM.Collect$$libshutdown$$00000000      0x1a000190   Section        2  libshutdown.o(.ARM.Collect$$libshutdown$$00000000)
    .ARM.Collect$$libshutdown$$00000003      0x1a000192   Section        0  libshutdown2.o(.ARM.Collect$$libshutdown$$00000003)
    .ARM.Collect$$libshutdown$$00000006      0x1a000192   Section        0  libshutdown2.o(.ARM.Collect$$libshutdown$$00000006)
    .ARM.Collect$$libshutdown$$00000009      0x1a000192   Section        0  libshutdown2.o(.ARM.Collect$$libshutdown$$00000009)
    .ARM.Collect$$libshutdown$$0000000B      0x1a000192   Section        0  libshutdown2.o(.ARM.Collect$$libshutdown$$0000000B)
    .ARM.Collect$$libshutdown$$0000000E      0x1a000192   Section        0  libshutdown2.o(.ARM.Collect$$libshutdown$$0000000E)
    .ARM.Collect$$libshutdown$$0000000F      0x1a000192   Section        2  libshutdown2.o(.ARM.Collect$$libshutdown$$0000000F)
    .ARM.Collect$$rtentry$$00000000          0x1a000194   Section        0  rtentry.o(.ARM.Collect$$rtentry$$00000000)
    .ARM.Collect$$rtentry$$00000002          0x1a000194   Section        0  rtentry2.o(.ARM.Collect$$rtentry$$00000002)
    .ARM.Collect$$rtentry$$00000004          0x1a000194   Section        6  rtentry4.o(.ARM.Collect$$rtentry$$00000004)
    .ARM.Collect$$rtentry$$00000009          0x1a00019a   Section        0  rtentry2.o(.ARM.Collect$$rtentry$$00000009)
    .ARM.Collect$$rtentry$$0000000A          0x1a00019a   Section        4  rtentry2.o(.ARM.Collect$$rtentry$$0000000A)
    .ARM.Collect$$rtentry$$0000000C          0x1a00019e   Section        0  rtentry2.o(.ARM.Collect$$rtentry$$0000000C)
    .ARM.Collect$$rtentry$$0000000D          0x1a00019e   Section        8  rtentry2.o(.ARM.Collect$$rtentry$$0000000D)
    .ARM.Collect$$rtexit$$00000000           0x1a0001a6   Section        2  rtexit.o(.ARM.Collect$$rtexit$$00000000)
    .ARM.Collect$$rtexit$$00000002           0x1a0001a8   Section        0  rtexit2.o(.ARM.Collect$$rtexit$$00000002)
    .ARM.Collect$$rtexit$$00000003           0x1a0001a8   Section        4  rtexit2.o(.ARM.Collect$$rtexit$$00000003)
    .ARM.Collect$$rtexit$$00000004           0x1a0001ac   Section        6  rtexit2.o(.ARM.Collect$$rtexit$$00000004)
    .text                                    0x1a0001b4   Section        0  blinky_m4.o(.text)
    prvSetupHardware                         0x1a0001b5   Thumb Code   114  blinky_m4.o(.text)
    .text                                    0x1a000264   Section        0  sysinit.o(.text)
    .text                                    0x1a000280   Section       64  keil_startup_lpc18xx43xx.o(.text)
    $v0                                      0x1a000280   Number         0  keil_startup_lpc18xx43xx.o(.text)
    .text                                    0x1a0002c0   Section        0  ipc_example.o(.text)
    ipcex_dispatch_task                      0x1a0002c1   Thumb Code    62  ipc_example.o(.text)
    ipcex_updateGblVal                       0x1a0002ff   Thumb Code    40  ipc_example.o(.text)
    .text                                    0x1a0003e4   Section        0  m0_img_ldr.o(.text)
    .text                                    0x1a00045c   Section        0  ipc_msg.o(.text)
    ipc_send_signal                          0x1a00045d   Thumb Code     8  ipc_msg.o(.text)
    IPC_EventHandler_sa                      0x1a000465   Thumb Code     8  ipc_msg.o(.text)
    .text                                    0x1a000670   Section      138  rt_memcpy_v6.o(.text)
    .text                                    0x1a0006fa   Section       78  rt_memclr_w.o(.text)
    .text                                    0x1a000748   Section        0  heapauxi.o(.text)
    .text                                    0x1a00074e   Section      100  rt_memcpy_w.o(.text)
    .text                                    0x1a0007b2   Section       74  sys_stackheap_outer.o(.text)
    .text                                    0x1a0007fc   Section        0  exit.o(.text)
    .text                                    0x1a000808   Section        8  libspace.o(.text)
    i.Board_Debug_Init                       0x1a000810   Section        0  board.o(i.Board_Debug_Init)
    i.Board_Init                             0x1a000838   Section        0  board.o(i.Board_Init)
    i.Board_SetupClocking                    0x1a000898   Section        0  board_sysinit.o(i.Board_SetupClocking)
    i.Board_SetupExtMemory                   0x1a000914   Section        0  board_sysinit.o(i.Board_SetupExtMemory)
    i.Board_SetupMuxing                      0x1a000970   Section        0  board_sysinit.o(i.Board_SetupMuxing)
    i.Board_SystemInit                       0x1a0009ac   Section        0  board_sysinit.o(i.Board_SystemInit)
    i.Board_UARTPutChar                      0x1a0009c0   Section        0  board.o(i.Board_UARTPutChar)
    i.Board_UARTPutSTR                       0x1a0009d0   Section        0  board.o(i.Board_UARTPutSTR)
    i.Board_UART_Init                        0x1a0009e4   Section        0  board.o(i.Board_UART_Init)
    i.Chip_Clock_DisableMainPLL              0x1a000a24   Section        0  clock_18xx_43xx.o(i.Chip_Clock_DisableMainPLL)
    i.Chip_Clock_Enable                      0x1a000a34   Section        0  clock_18xx_43xx.o(i.Chip_Clock_Enable)
    i.Chip_Clock_EnableCrystal               0x1a000a68   Section        0  clock_18xx_43xx.o(i.Chip_Clock_EnableCrystal)
    i.Chip_Clock_EnableOpts                  0x1a000a9c   Section        0  clock_18xx_43xx.o(i.Chip_Clock_EnableOpts)
    i.Chip_Clock_GetBaseClock                0x1a000ad4   Section        0  clock_18xx_43xx.o(i.Chip_Clock_GetBaseClock)
    i.Chip_Clock_GetBaseClocktHz             0x1a000af4   Section        0  clock_18xx_43xx.o(i.Chip_Clock_GetBaseClocktHz)
    i.Chip_Clock_GetClockInputHz             0x1a000b04   Section        0  clock_18xx_43xx.o(i.Chip_Clock_GetClockInputHz)
    i.Chip_Clock_GetDivRate                  0x1a000ba4   Section        0  clock_18xx_43xx.o(i.Chip_Clock_GetDivRate)
    Chip_Clock_GetDivRate                    0x1a000ba5   Thumb Code    34  clock_18xx_43xx.o(i.Chip_Clock_GetDivRate)
    i.Chip_Clock_GetDividerDivisor           0x1a000bc8   Section        0  clock_18xx_43xx.o(i.Chip_Clock_GetDividerDivisor)
    i.Chip_Clock_GetDividerSource            0x1a000bdc   Section        0  clock_18xx_43xx.o(i.Chip_Clock_GetDividerSource)
    i.Chip_Clock_GetEMCRate                  0x1a000bf8   Section        0  clock_18xx_43xx.o(i.Chip_Clock_GetEMCRate)
    i.Chip_Clock_GetMainPLLHz                0x1a000c20   Section        0  clock_18xx_43xx.o(i.Chip_Clock_GetMainPLLHz)
    i.Chip_Clock_GetRate                     0x1a000c7c   Section        0  clock_18xx_43xx.o(i.Chip_Clock_GetRate)
    i.Chip_Clock_SetBaseClock                0x1a000cf8   Section        0  clock_18xx_43xx.o(i.Chip_Clock_SetBaseClock)
    i.Chip_Clock_SetDivider                  0x1a000d30   Section        0  clock_18xx_43xx.o(i.Chip_Clock_SetDivider)
    i.Chip_Clock_SetupMainPLLHz              0x1a000d64   Section        0  clock_18xx_43xx.o(i.Chip_Clock_SetupMainPLLHz)
    i.Chip_Clock_SetupMainPLLMult            0x1a000de8   Section        0  clock_18xx_43xx.o(i.Chip_Clock_SetupMainPLLMult)
    i.Chip_Clock_TestMainPLLMultiplier       0x1a000e64   Section        0  clock_18xx_43xx.o(i.Chip_Clock_TestMainPLLMultiplier)
    Chip_Clock_TestMainPLLMultiplier         0x1a000e65   Thumb Code    20  clock_18xx_43xx.o(i.Chip_Clock_TestMainPLLMultiplier)
    i.Chip_EMC_Dynamic_Init                  0x1a000e7c   Section        0  emc_18xx_43xx.o(i.Chip_EMC_Dynamic_Init)
    i.Chip_EMC_Init                          0x1a000e98   Section        0  emc_18xx_43xx.o(i.Chip_EMC_Init)
    i.Chip_EMC_Static_Init                   0x1a000eb4   Section        0  emc_18xx_43xx.o(i.Chip_EMC_Static_Init)
    i.Chip_GPIO_Init                         0x1a000ed0   Section        0  gpio_18xx_43xx.o(i.Chip_GPIO_Init)
    i.Chip_GPIO_SetPinDIROutput              0x1a000ed2   Section        0  board.o(i.Chip_GPIO_SetPinDIROutput)
    Chip_GPIO_SetPinDIROutput                0x1a000ed3   Thumb Code    20  board.o(i.Chip_GPIO_SetPinDIROutput)
    i.Chip_RGU_ClearReset                    0x1a000ee8   Section        0  rgu_18xx_43xx.o(i.Chip_RGU_ClearReset)
    i.Chip_RGU_TriggerReset                  0x1a000efc   Section        0  rgu_18xx_43xx.o(i.Chip_RGU_TriggerReset)
    i.Chip_SCU_PinMuxSet                     0x1a000f14   Section        0  board.o(i.Chip_SCU_PinMuxSet)
    Chip_SCU_PinMuxSet                       0x1a000f15   Thumb Code    12  board.o(i.Chip_SCU_PinMuxSet)
    i.Chip_SCU_SetPinMuxing                  0x1a000f24   Section        0  board_sysinit.o(i.Chip_SCU_SetPinMuxing)
    Chip_SCU_SetPinMuxing                    0x1a000f25   Thumb Code    36  board_sysinit.o(i.Chip_SCU_SetPinMuxing)
    i.Chip_SetupXtalClocking                 0x1a000f4c   Section        0  sysinit_18xx_43xx.o(i.Chip_SetupXtalClocking)
    i.Chip_UART_GetClockIndex                0x1a000fb4   Section        0  uart_18xx_43xx.o(i.Chip_UART_GetClockIndex)
    Chip_UART_GetClockIndex                  0x1a000fb5   Thumb Code    34  uart_18xx_43xx.o(i.Chip_UART_GetClockIndex)
    i.Chip_UART_Init                         0x1a000fe4   Section        0  uart_18xx_43xx.o(i.Chip_UART_Init)
    i.Chip_UART_SetBaud                      0x1a001024   Section        0  uart_18xx_43xx.o(i.Chip_UART_SetBaud)
    i.SystemCoreClockUpdate                  0x1a001060   Section        0  chip_18xx_43xx.o(i.SystemCoreClockUpdate)
    i._sys_exit                              0x1a001074   Section        0  board.o(i._sys_exit)
    i.convertTimmingParam                    0x1a001078   Section        0  emc_18xx_43xx.o(i.convertTimmingParam)
    convertTimmingParam                      0x1a001079   Thumb Code    42  emc_18xx_43xx.o(i.convertTimmingParam)
    i.fpuInit                                0x1a0010a8   Section        0  fpu_init.o(i.fpuInit)
    i.initDynMem                             0x1a0010e4   Section        0  emc_18xx_43xx.o(i.initDynMem)
    i.initStaticMem                          0x1a00127a   Section        0  emc_18xx_43xx.o(i.initStaticMem)
    x$fpl$fpinit                             0x1a0012d8   Section       10  fpinit.o(x$fpl$fpinit)
    $v0                                      0x1a0012d8   Number         0  fpinit.o(x$fpl$fpinit)
    .constdata                               0x1a0012e2   Section      108  clock_18xx_43xx.o(.constdata)
    periph_to_base                           0x1a0012e2   Data         108  clock_18xx_43xx.o(.constdata)
    .constdata                               0x1a00134e   Section       16  board.o(.constdata)
    ledports                                 0x1a00134e   Data           8  board.o(.constdata)
    ledbits                                  0x1a001356   Data           8  board.o(.constdata)
    .constdata                               0x1a001360   Section        4  board.o(.constdata)
    .constdata                               0x1a001364   Section        4  board.o(.constdata)
    .constdata                               0x1a001368   Section      700  board_sysinit.o(.constdata)
    InitClkStates                            0x1a001368   Data          16  board_sysinit.o(.constdata)
    spifipinmuxing                           0x1a001378   Data          24  board_sysinit.o(.constdata)
    pinmuxing                                0x1a001390   Data         496  board_sysinit.o(.constdata)
    pinclockmuxing                           0x1a001580   Data          16  board_sysinit.o(.constdata)
    MT48LC4M32_config                        0x1a001590   Data         116  board_sysinit.o(.constdata)
    S29GL64N90_config                        0x1a001604   Data          32  board_sysinit.o(.constdata)
    .constdata                               0x1a001624   Section       72  sysinit_18xx_43xx.o(.constdata)
    InitClkStates                            0x1a001624   Data          72  sysinit_18xx_43xx.o(.constdata)
    .conststring                             0x1a00166c   Section      118  ipc_msg.o(.conststring)

    Global Symbols

    Symbol Name                              Value     Ov Type        Size  Object(Section)

    BuildAttributes$$THM_ISAv4$E$P$D$K$B$S$7EM$VFPi3$EXTD16$VFPS$VFMA$PE$A:L22UL41UL21$X:L11$S22US41US21$IEEE1$IW$USESV6$~STKCKD$USESV7$~SHL$OSPACE$ROPI$EBA8$UX$STANDARDLIB$REQ8$PRES8$EABIv2 0x00000000   Number         0  anon$$obj.o ABSOLUTE
    __ARM_use_no_argv                        0x00000000   Number         0  blinky_m4.o ABSOLUTE
    __ARM_exceptions_init                     - Undefined Weak Reference
    __alloca_initialize                       - Undefined Weak Reference
    __cpp_initialize__aeabi_                  - Undefined Weak Reference
    __cxa_finalize                            - Undefined Weak Reference
    __rt_locale                               - Undefined Weak Reference
    __sigvec_lookup                           - Undefined Weak Reference
    _atexit_init                              - Undefined Weak Reference
    _call_atexit_fns                          - Undefined Weak Reference
    _clock_init                               - Undefined Weak Reference
    _fp_trap_init                             - Undefined Weak Reference
    _fp_trap_shutdown                         - Undefined Weak Reference
    _get_lc_collate                           - Undefined Weak Reference
    _get_lc_ctype                             - Undefined Weak Reference
    _get_lc_monetary                          - Undefined Weak Reference
    _get_lc_numeric                           - Undefined Weak Reference
    _get_lc_time                              - Undefined Weak Reference
    _getenv_init                              - Undefined Weak Reference
    _handle_redirection                       - Undefined Weak Reference
    _init_alloc                               - Undefined Weak Reference
    _init_user_alloc                          - Undefined Weak Reference
    _initio                                   - Undefined Weak Reference
    _rand_init                                - Undefined Weak Reference
    _signal_finish                            - Undefined Weak Reference
    _signal_init                              - Undefined Weak Reference
    _terminate_alloc                          - Undefined Weak Reference
    _terminate_user_alloc                     - Undefined Weak Reference
    _terminateio                              - Undefined Weak Reference
    IPC_EventHandler                         0x10000020   Data           4  ipc_msg.o(.data)
    SystemCoreClock                          0x10000024   Data           4  chip_18xx_43xx.o(.data)
    __libspace_start                         0x100003a0   Data          96  libspace.o(.bss)
    __temporary_stack_top$libspace           0x10000400   Data           0  libspace.o(.bss)
    __Vectors                                0x1a000000   Data           4  keil_startup_lpc18xx43xx.o(RESET)
    __main                                   0x1a000115   Thumb Code     8  __main.o(!!!main)
    __scatterload                            0x1a00011d   Thumb Code     0  __scatter.o(!!!scatter)
    __scatterload_rt2                        0x1a00011d   Thumb Code    44  __scatter.o(!!!scatter)
    __scatterload_rt2_thumb_only             0x1a00011d   Thumb Code     0  __scatter.o(!!!scatter)
    __scatterload_null                       0x1a00012b   Thumb Code     0  __scatter.o(!!!scatter)
    __scatterload_copy                       0x1a000151   Thumb Code    26  __scatter_copy.o(!!handler_copy)
    __scatterload_zeroinit                   0x1a00016d   Thumb Code    28  __scatter_zi.o(!!handler_zi)
    __rt_lib_init                            0x1a000189   Thumb Code     0  libinit.o(.ARM.Collect$$libinit$$00000000)
    __rt_lib_init_fp_1                       0x1a00018b   Thumb Code     0  libinit2.o(.ARM.Collect$$libinit$$00000001)
    __rt_lib_init_alloca_1                   0x1a00018f   Thumb Code     0  libinit2.o(.ARM.Collect$$libinit$$0000002C)
    __rt_lib_init_argv_1                     0x1a00018f   Thumb Code     0  libinit2.o(.ARM.Collect$$libinit$$0000002A)
    __rt_lib_init_atexit_1                   0x1a00018f   Thumb Code     0  libinit2.o(.ARM.Collect$$libinit$$00000019)
    __rt_lib_init_clock_1                    0x1a00018f   Thumb Code     0  libinit2.o(.ARM.Collect$$libinit$$0000001F)
    __rt_lib_init_cpp_1                      0x1a00018f   Thumb Code     0  libinit2.o(.ARM.Collect$$libinit$$00000030)
    __rt_lib_init_exceptions_1               0x1a00018f   Thumb Code     0  libinit2.o(.ARM.Collect$$libinit$$0000002E)
    __rt_lib_init_fp_trap_1                  0x1a00018f   Thumb Code     0  libinit2.o(.ARM.Collect$$libinit$$0000001D)
    __rt_lib_init_getenv_1                   0x1a00018f   Thumb Code     0  libinit2.o(.ARM.Collect$$libinit$$00000021)
    __rt_lib_init_heap_1                     0x1a00018f   Thumb Code     0  libinit2.o(.ARM.Collect$$libinit$$00000008)
    __rt_lib_init_lc_collate_1               0x1a00018f   Thumb Code     0  libinit2.o(.ARM.Collect$$libinit$$0000000F)
    __rt_lib_init_lc_ctype_1                 0x1a00018f   Thumb Code     0  libinit2.o(.ARM.Collect$$libinit$$00000011)
    __rt_lib_init_lc_monetary_1              0x1a00018f   Thumb Code     0  libinit2.o(.ARM.Collect$$libinit$$00000013)
    __rt_lib_init_lc_numeric_1               0x1a00018f   Thumb Code     0  libinit2.o(.ARM.Collect$$libinit$$00000015)
    __rt_lib_init_lc_time_1                  0x1a00018f   Thumb Code     0  libinit2.o(.ARM.Collect$$libinit$$00000017)
    __rt_lib_init_rand_1                     0x1a00018f   Thumb Code     0  libinit2.o(.ARM.Collect$$libinit$$0000000C)
    __rt_lib_init_return                     0x1a00018f   Thumb Code     0  libinit2.o(.ARM.Collect$$libinit$$00000031)
    __rt_lib_init_signal_1                   0x1a00018f   Thumb Code     0  libinit2.o(.ARM.Collect$$libinit$$0000001B)
    __rt_lib_init_stdio_1                    0x1a00018f   Thumb Code     0  libinit2.o(.ARM.Collect$$libinit$$00000023)
    __rt_lib_init_user_alloc_1               0x1a00018f   Thumb Code     0  libinit2.o(.ARM.Collect$$libinit$$0000000A)
    __rt_lib_shutdown                        0x1a000191   Thumb Code     0  libshutdown.o(.ARM.Collect$$libshutdown$$00000000)
    __rt_lib_shutdown_fp_trap_1              0x1a000193   Thumb Code     0  libshutdown2.o(.ARM.Collect$$libshutdown$$00000006)
    __rt_lib_shutdown_heap_1                 0x1a000193   Thumb Code     0  libshutdown2.o(.ARM.Collect$$libshutdown$$0000000E)
    __rt_lib_shutdown_return                 0x1a000193   Thumb Code     0  libshutdown2.o(.ARM.Collect$$libshutdown$$0000000F)
    __rt_lib_shutdown_signal_1               0x1a000193   Thumb Code     0  libshutdown2.o(.ARM.Collect$$libshutdown$$00000009)
    __rt_lib_shutdown_stdio_1                0x1a000193   Thumb Code     0  libshutdown2.o(.ARM.Collect$$libshutdown$$00000003)
    __rt_lib_shutdown_user_alloc_1           0x1a000193   Thumb Code     0  libshutdown2.o(.ARM.Collect$$libshutdown$$0000000B)
    __rt_entry                               0x1a000195   Thumb Code     0  rtentry.o(.ARM.Collect$$rtentry$$00000000)
    __rt_entry_presh_1                       0x1a000195   Thumb Code     0  rtentry2.o(.ARM.Collect$$rtentry$$00000002)
    __rt_entry_sh                            0x1a000195   Thumb Code     0  rtentry4.o(.ARM.Collect$$rtentry$$00000004)
    __rt_entry_li                            0x1a00019b   Thumb Code     0  rtentry2.o(.ARM.Collect$$rtentry$$0000000A)
    __rt_entry_postsh_1                      0x1a00019b   Thumb Code     0  rtentry2.o(.ARM.Collect$$rtentry$$00000009)
    __rt_entry_main                          0x1a00019f   Thumb Code     0  rtentry2.o(.ARM.Collect$$rtentry$$0000000D)
    __rt_entry_postli_1                      0x1a00019f   Thumb Code     0  rtentry2.o(.ARM.Collect$$rtentry$$0000000C)
    __rt_exit                                0x1a0001a7   Thumb Code     0  rtexit.o(.ARM.Collect$$rtexit$$00000000)
    __rt_exit_ls                             0x1a0001a9   Thumb Code     0  rtexit2.o(.ARM.Collect$$rtexit$$00000003)
    __rt_exit_prels_1                        0x1a0001a9   Thumb Code     0  rtexit2.o(.ARM.Collect$$rtexit$$00000002)
    __rt_exit_exit                           0x1a0001ad   Thumb Code     0  rtexit2.o(.ARM.Collect$$rtexit$$00000004)
    main                                     0x1a000227   Thumb Code    20  blinky_m4.o(.text)
    SystemInit                               0x1a000265   Thumb Code    18  sysinit.o(.text)
    Reset_Handler                            0x1a000281   Thumb Code     8  keil_startup_lpc18xx43xx.o(.text)
    NMI_Handler                              0x1a000289   Thumb Code     2  keil_startup_lpc18xx43xx.o(.text)
    HardFault_Handler                        0x1a00028b   Thumb Code     2  keil_startup_lpc18xx43xx.o(.text)
    MemManage_Handler                        0x1a00028d   Thumb Code     2  keil_startup_lpc18xx43xx.o(.text)
    BusFault_Handler                         0x1a00028f   Thumb Code     2  keil_startup_lpc18xx43xx.o(.text)
    UsageFault_Handler                       0x1a000291   Thumb Code     2  keil_startup_lpc18xx43xx.o(.text)
    SVC_Handler                              0x1a000293   Thumb Code     2  keil_startup_lpc18xx43xx.o(.text)
    DebugMon_Handler                         0x1a000295   Thumb Code     2  keil_startup_lpc18xx43xx.o(.text)
    PendSV_Handler                           0x1a000297   Thumb Code     2  keil_startup_lpc18xx43xx.o(.text)
    SysTick_Handler                          0x1a000299   Thumb Code     2  keil_startup_lpc18xx43xx.o(.text)
    UnHandled_Vector                         0x1a00029b   Thumb Code     2  keil_startup_lpc18xx43xx.o(.text)
    ADC0_IRQHandler                          0x1a00029d   Thumb Code     0  keil_startup_lpc18xx43xx.o(.text)
    ADC1_IRQHandler                          0x1a00029d   Thumb Code     0  keil_startup_lpc18xx43xx.o(.text)
    ADCHS_IRQHandler                         0x1a00029d   Thumb Code     0  keil_startup_lpc18xx43xx.o(.text)
    ATIMER_IRQHandler                        0x1a00029d   Thumb Code     0  keil_startup_lpc18xx43xx.o(.text)
    CAN0_IRQHandler                          0x1a00029d   Thumb Code     0  keil_startup_lpc18xx43xx.o(.text)
    CAN1_IRQHandler                          0x1a00029d   Thumb Code     0  keil_startup_lpc18xx43xx.o(.text)
    DAC_IRQHandler                           0x1a00029d   Thumb Code     0  keil_startup_lpc18xx43xx.o(.text)
    DMA_IRQHandler                           0x1a00029d   Thumb Code     0  keil_startup_lpc18xx43xx.o(.text)
    ETH_IRQHandler                           0x1a00029d   Thumb Code     0  keil_startup_lpc18xx43xx.o(.text)
    EVRT_IRQHandler                          0x1a00029d   Thumb Code     0  keil_startup_lpc18xx43xx.o(.text)
    FLASH_EEPROM_IRQHandler                  0x1a00029d   Thumb Code     0  keil_startup_lpc18xx43xx.o(.text)
    GINT0_IRQHandler                         0x1a00029d   Thumb Code     0  keil_startup_lpc18xx43xx.o(.text)
    GINT1_IRQHandler                         0x1a00029d   Thumb Code     0  keil_startup_lpc18xx43xx.o(.text)
    GPIO0_IRQHandler                         0x1a00029d   Thumb Code     0  keil_startup_lpc18xx43xx.o(.text)
    GPIO1_IRQHandler                         0x1a00029d   Thumb Code     0  keil_startup_lpc18xx43xx.o(.text)
    GPIO2_IRQHandler                         0x1a00029d   Thumb Code     0  keil_startup_lpc18xx43xx.o(.text)
    GPIO3_IRQHandler                         0x1a00029d   Thumb Code     0  keil_startup_lpc18xx43xx.o(.text)
    GPIO4_IRQHandler                         0x1a00029d   Thumb Code     0  keil_startup_lpc18xx43xx.o(.text)
    GPIO5_IRQHandler                         0x1a00029d   Thumb Code     0  keil_startup_lpc18xx43xx.o(.text)
    GPIO6_IRQHandler                         0x1a00029d   Thumb Code     0  keil_startup_lpc18xx43xx.o(.text)
    GPIO7_IRQHandler                         0x1a00029d   Thumb Code     0  keil_startup_lpc18xx43xx.o(.text)
    I2C0_IRQHandler                          0x1a00029d   Thumb Code     0  keil_startup_lpc18xx43xx.o(.text)
    I2C1_IRQHandler                          0x1a00029d   Thumb Code     0  keil_startup_lpc18xx43xx.o(.text)
    I2S0_IRQHandler                          0x1a00029d   Thumb Code     0  keil_startup_lpc18xx43xx.o(.text)
    I2S1_IRQHandler                          0x1a00029d   Thumb Code     0  keil_startup_lpc18xx43xx.o(.text)
    LCD_IRQHandler                           0x1a00029d   Thumb Code     0  keil_startup_lpc18xx43xx.o(.text)
    M0APP_IRQHandler                         0x1a00029d   Thumb Code     0  keil_startup_lpc18xx43xx.o(.text)
    M0SUB_IRQHandler                         0x1a00029d   Thumb Code     0  keil_startup_lpc18xx43xx.o(.text)
    MCPWM_IRQHandler                         0x1a00029d   Thumb Code     0  keil_startup_lpc18xx43xx.o(.text)
    QEI_IRQHandler                           0x1a00029d   Thumb Code     0  keil_startup_lpc18xx43xx.o(.text)
    RIT_IRQHandler                           0x1a00029d   Thumb Code     0  keil_startup_lpc18xx43xx.o(.text)
    RTC_IRQHandler                           0x1a00029d   Thumb Code     0  keil_startup_lpc18xx43xx.o(.text)
    SCT_IRQHandler                           0x1a00029d   Thumb Code     0  keil_startup_lpc18xx43xx.o(.text)
    SDIO_IRQHandler                          0x1a00029d   Thumb Code     0  keil_startup_lpc18xx43xx.o(.text)
    SGPIO_IRQHandler                         0x1a00029d   Thumb Code     0  keil_startup_lpc18xx43xx.o(.text)
    SPIFI_IRQHandler                         0x1a00029d   Thumb Code     0  keil_startup_lpc18xx43xx.o(.text)
    SPI_IRQHandler                           0x1a00029d   Thumb Code     0  keil_startup_lpc18xx43xx.o(.text)
    SSP0_IRQHandler                          0x1a00029d   Thumb Code     0  keil_startup_lpc18xx43xx.o(.text)
    SSP1_IRQHandler                          0x1a00029d   Thumb Code     0  keil_startup_lpc18xx43xx.o(.text)
    TIMER0_IRQHandler                        0x1a00029d   Thumb Code     0  keil_startup_lpc18xx43xx.o(.text)
    TIMER1_IRQHandler                        0x1a00029d   Thumb Code     0  keil_startup_lpc18xx43xx.o(.text)
    TIMER2_IRQHandler                        0x1a00029d   Thumb Code     0  keil_startup_lpc18xx43xx.o(.text)
    TIMER3_IRQHandler                        0x1a00029d   Thumb Code     0  keil_startup_lpc18xx43xx.o(.text)
    UART0_IRQHandler                         0x1a00029d   Thumb Code     0  keil_startup_lpc18xx43xx.o(.text)
    UART1_IRQHandler                         0x1a00029d   Thumb Code     0  keil_startup_lpc18xx43xx.o(.text)
    UART2_IRQHandler                         0x1a00029d   Thumb Code     0  keil_startup_lpc18xx43xx.o(.text)
    UART3_IRQHandler                         0x1a00029d   Thumb Code     0  keil_startup_lpc18xx43xx.o(.text)
    USB0_IRQHandler                          0x1a00029d   Thumb Code     0  keil_startup_lpc18xx43xx.o(.text)
    USB1_IRQHandler                          0x1a00029d   Thumb Code     0  keil_startup_lpc18xx43xx.o(.text)
    WDT_IRQHandler                           0x1a00029d   Thumb Code     0  keil_startup_lpc18xx43xx.o(.text)
    __user_initial_stackheap                 0x1a0002a1   Thumb Code     0  keil_startup_lpc18xx43xx.o(.text)
    ipcex_register_callback                  0x1a000327   Thumb Code    16  ipc_example.o(.text)
    ipcex_tasks                              0x1a000337   Thumb Code    10  ipc_example.o(.text)
    IPCEX_Init                               0x1a000341   Thumb Code    22  ipc_example.o(.text)
    ipcex_setGblVal                          0x1a000357   Thumb Code    92  ipc_example.o(.text)
    ipcex_getGblVal                          0x1a0003b3   Thumb Code    18  ipc_example.o(.text)
    ipcex_gblRegisterFn                      0x1a0003c5   Thumb Code    10  ipc_example.o(.text)
    M0Image_Boot                             0x1a0003e5   Thumb Code   112  m0_img_ldr.o(.text)
    IPC_msgNotify                            0x1a00046d   Thumb Code     8  ipc_msg.o(.text)
    IPC_initMsgQueue                         0x1a000475   Thumb Code    80  ipc_msg.o(.text)
    IPC_pushMsgTout                          0x1a0004c5   Thumb Code   132  ipc_msg.o(.text)
    IPC_popMsgTout                           0x1a000549   Thumb Code   140  ipc_msg.o(.text)
    IPC_msgPending                           0x1a0005d5   Thumb Code    32  ipc_msg.o(.text)
    IPC_strerror                             0x1a0005f5   Thumb Code    18  ipc_msg.o(.text)
    __aeabi_memcpy                           0x1a000671   Thumb Code     0  rt_memcpy_v6.o(.text)
    __rt_memcpy                              0x1a000671   Thumb Code   138  rt_memcpy_v6.o(.text)
    _memcpy_lastbytes                        0x1a0006d7   Thumb Code     0  rt_memcpy_v6.o(.text)
    __aeabi_memclr4                          0x1a0006fb   Thumb Code     0  rt_memclr_w.o(.text)
    __aeabi_memclr8                          0x1a0006fb   Thumb Code     0  rt_memclr_w.o(.text)
    __rt_memclr_w                            0x1a0006fb   Thumb Code    78  rt_memclr_w.o(.text)
    _memset_w                                0x1a0006ff   Thumb Code     0  rt_memclr_w.o(.text)
    __use_two_region_memory                  0x1a000749   Thumb Code     2  heapauxi.o(.text)
    __rt_heap_escrow$2region                 0x1a00074b   Thumb Code     2  heapauxi.o(.text)
    __rt_heap_expand$2region                 0x1a00074d   Thumb Code     2  heapauxi.o(.text)
    __aeabi_memcpy4                          0x1a00074f   Thumb Code     0  rt_memcpy_w.o(.text)
    __aeabi_memcpy8                          0x1a00074f   Thumb Code     0  rt_memcpy_w.o(.text)
    __rt_memcpy_w                            0x1a00074f   Thumb Code   100  rt_memcpy_w.o(.text)
    _memcpy_lastbytes_aligned                0x1a000797   Thumb Code     0  rt_memcpy_w.o(.text)
    __user_setup_stackheap                   0x1a0007b3   Thumb Code    74  sys_stackheap_outer.o(.text)
    exit                                     0x1a0007fd   Thumb Code    12  exit.o(.text)
    __user_libspace                          0x1a000809   Thumb Code     8  libspace.o(.text)
    __user_perproc_libspace                  0x1a000809   Thumb Code     0  libspace.o(.text)
    __user_perthread_libspace                0x1a000809   Thumb Code     0  libspace.o(.text)
    Board_Debug_Init                         0x1a000811   Thumb Code    36  board.o(i.Board_Debug_Init)
    Board_Init                               0x1a000839   Thumb Code    84  board.o(i.Board_Init)
    Board_SetupClocking                      0x1a000899   Thumb Code   116  board_sysinit.o(i.Board_SetupClocking)
    Board_SetupExtMemory                     0x1a000915   Thumb Code    74  board_sysinit.o(i.Board_SetupExtMemory)
    Board_SetupMuxing                        0x1a000971   Thumb Code    48  board_sysinit.o(i.Board_SetupMuxing)
    Board_SystemInit                         0x1a0009ad   Thumb Code    18  board_sysinit.o(i.Board_SystemInit)
    Board_UARTPutChar                        0x1a0009c1   Thumb Code    12  board.o(i.Board_UARTPutChar)
    Board_UARTPutSTR                         0x1a0009d1   Thumb Code    20  board.o(i.Board_UARTPutSTR)
    Board_UART_Init                          0x1a0009e5   Thumb Code    56  board.o(i.Board_UART_Init)
    Chip_Clock_DisableMainPLL                0x1a000a25   Thumb Code    12  clock_18xx_43xx.o(i.Chip_Clock_DisableMainPLL)
    Chip_Clock_Enable                        0x1a000a35   Thumb Code    42  clock_18xx_43xx.o(i.Chip_Clock_Enable)
    Chip_Clock_EnableCrystal                 0x1a000a69   Thumb Code    38  clock_18xx_43xx.o(i.Chip_Clock_EnableCrystal)
    Chip_Clock_EnableOpts                    0x1a000a9d   Thumb Code    48  clock_18xx_43xx.o(i.Chip_Clock_EnableOpts)
    Chip_Clock_GetBaseClock                  0x1a000ad5   Thumb Code    26  clock_18xx_43xx.o(i.Chip_Clock_GetBaseClock)
    Chip_Clock_GetBaseClocktHz               0x1a000af5   Thumb Code    14  clock_18xx_43xx.o(i.Chip_Clock_GetBaseClocktHz)
    Chip_Clock_GetClockInputHz               0x1a000b05   Thumb Code   132  clock_18xx_43xx.o(i.Chip_Clock_GetClockInputHz)
    Chip_Clock_GetDividerDivisor             0x1a000bc9   Thumb Code    14  clock_18xx_43xx.o(i.Chip_Clock_GetDividerDivisor)
    Chip_Clock_GetDividerSource              0x1a000bdd   Thumb Code    22  clock_18xx_43xx.o(i.Chip_Clock_GetDividerSource)
    Chip_Clock_GetEMCRate                    0x1a000bf9   Thumb Code    32  clock_18xx_43xx.o(i.Chip_Clock_GetEMCRate)
    Chip_Clock_GetMainPLLHz                  0x1a000c21   Thumb Code    84  clock_18xx_43xx.o(i.Chip_Clock_GetMainPLLHz)
    Chip_Clock_GetRate                       0x1a000c7d   Thumb Code   112  clock_18xx_43xx.o(i.Chip_Clock_GetRate)
    Chip_Clock_SetBaseClock                  0x1a000cf9   Thumb Code    48  clock_18xx_43xx.o(i.Chip_Clock_SetBaseClock)
    Chip_Clock_SetDivider                    0x1a000d31   Thumb Code    42  clock_18xx_43xx.o(i.Chip_Clock_SetDivider)
    Chip_Clock_SetupMainPLLHz                0x1a000d65   Thumb Code   130  clock_18xx_43xx.o(i.Chip_Clock_SetupMainPLLHz)
    Chip_Clock_SetupMainPLLMult              0x1a000de9   Thumb Code   108  clock_18xx_43xx.o(i.Chip_Clock_SetupMainPLLMult)
    Chip_EMC_Dynamic_Init                    0x1a000e7d   Thumb Code    22  emc_18xx_43xx.o(i.Chip_EMC_Dynamic_Init)
    Chip_EMC_Init                            0x1a000e99   Thumb Code    24  emc_18xx_43xx.o(i.Chip_EMC_Init)
    Chip_EMC_Static_Init                     0x1a000eb5   Thumb Code    22  emc_18xx_43xx.o(i.Chip_EMC_Static_Init)
    Chip_GPIO_Init                           0x1a000ed1   Thumb Code     2  gpio_18xx_43xx.o(i.Chip_GPIO_Init)
    Chip_RGU_ClearReset                      0x1a000ee9   Thumb Code    14  rgu_18xx_43xx.o(i.Chip_RGU_ClearReset)
    Chip_RGU_TriggerReset                    0x1a000efd   Thumb Code    20  rgu_18xx_43xx.o(i.Chip_RGU_TriggerReset)
    Chip_SetupXtalClocking                   0x1a000f4d   Thumb Code    86  sysinit_18xx_43xx.o(i.Chip_SetupXtalClocking)
    Chip_UART_Init                           0x1a000fe5   Thumb Code    58  uart_18xx_43xx.o(i.Chip_UART_Init)
    Chip_UART_SetBaud                        0x1a001025   Thumb Code    58  uart_18xx_43xx.o(i.Chip_UART_SetBaud)
    SystemCoreClockUpdate                    0x1a001061   Thumb Code    14  chip_18xx_43xx.o(i.SystemCoreClockUpdate)
    _sys_exit                                0x1a001075   Thumb Code     4  board.o(i._sys_exit)
    fpuInit                                  0x1a0010a9   Thumb Code    46  fpu_init.o(i.fpuInit)
    initDynMem                               0x1a0010e5   Thumb Code   406  emc_18xx_43xx.o(i.initDynMem)
    initStaticMem                            0x1a00127b   Thumb Code    94  emc_18xx_43xx.o(i.initStaticMem)
    _fp_init                                 0x1a0012d9   Thumb Code    10  fpinit.o(x$fpl$fpinit)
    __fplib_config_fpu_vfp                   0x1a0012e1   Thumb Code     0  fpinit.o(x$fpl$fpinit)
    __fplib_config_pureend_doubles           0x1a0012e1   Thumb Code     0  fpinit.o(x$fpl$fpinit)
    ExtRateIn                                0x1a001360   Data           4  board.o(.constdata)
    OscRateIn                                0x1a001364   Data           4  board.o(.constdata)
    Region$$Table$$Base                      0x1a0016e4   Number         0  anon$$obj.o(Region$$Table)
    Region$$Table$$Limit                     0x1a001704   Number         0  anon$$obj.o(Region$$Table)



==============================================================================

Memory Map of the image

  Image Entry point : 0x1a000115

  Load Region LR_IROM1 (Base: 0x1a000000, Size: 0x00001734, Max: 0x00080000, ABSOLUTE)

    Execution Region RW_IRAM1 (Base: 0x10000000, Size: 0x00000600, Max: 0x00008000, ABSOLUTE)

    Base Addr    Size         Type   Attr      Idx    E Section Name        Object

    0x10000000   0x00000004   Data   RW          429    .data               ipc_example.o
    0x10000004   0x00000020   Data   RW          516    .data               ipc_msg.o
    0x10000024   0x00000004   Data   RW          553    .data               lib_lpc_chip_43xx.lib(chip_18xx_43xx.o)
    0x10000028   0x00000008   Data   RW          793    .data               lib_lpc_chip_43xx.lib(clock_18xx_43xx.o)
    0x10000030   0x00000370   Zero   RW          428    .bss                ipc_example.o
    0x100003a0   0x00000060   Zero   RW         2340    .bss                c_w.l(libspace.o)
    0x10000400   0x00000000   Zero   RW          419    HEAP                keil_startup_lpc18xx43xx.o
    0x10000400   0x00000200   Zero   RW          418    STACK               keil_startup_lpc18xx43xx.o


    Execution Region ER_IROM1 (Base: 0x1a000000, Size: 0x00001704, Max: 0x00080000, ABSOLUTE)

    Base Addr    Size         Type   Attr      Idx    E Section Name        Object

    0x1a000000   0x00000114   Data   RO          420    RESET               keil_startup_lpc18xx43xx.o
    0x1a000114   0x00000008   Code   RO         2299  * !!!main             c_w.l(__main.o)
    0x1a00011c   0x00000034   Code   RO         2463    !!!scatter          c_w.l(__scatter.o)
    0x1a000150   0x0000001a   Code   RO         2465    !!handler_copy      c_w.l(__scatter_copy.o)
    0x1a00016a   0x00000002   PAD
    0x1a00016c   0x0000001c   Code   RO         2467    !!handler_zi        c_w.l(__scatter_zi.o)
    0x1a000188   0x00000002   Code   RO         2338    .ARM.Collect$$libinit$$00000000  c_w.l(libinit.o)
    0x1a00018a   0x00000004   Code   RO         2350    .ARM.Collect$$libinit$$00000001  c_w.l(libinit2.o)
    0x1a00018e   0x00000000   Code   RO         2354    .ARM.Collect$$libinit$$00000008  c_w.l(libinit2.o)
    0x1a00018e   0x00000000   Code   RO         2356    .ARM.Collect$$libinit$$0000000A  c_w.l(libinit2.o)
    0x1a00018e   0x00000000   Code   RO         2358    .ARM.Collect$$libinit$$0000000C  c_w.l(libinit2.o)
    0x1a00018e   0x00000000   Code   RO         2361    .ARM.Collect$$libinit$$0000000F  c_w.l(libinit2.o)
    0x1a00018e   0x00000000   Code   RO         2363    .ARM.Collect$$libinit$$00000011  c_w.l(libinit2.o)
    0x1a00018e   0x00000000   Code   RO         2365    .ARM.Collect$$libinit$$00000013  c_w.l(libinit2.o)
    0x1a00018e   0x00000000   Code   RO         2367    .ARM.Collect$$libinit$$00000015  c_w.l(libinit2.o)
    0x1a00018e   0x00000000   Code   RO         2369    .ARM.Collect$$libinit$$00000017  c_w.l(libinit2.o)
    0x1a00018e   0x00000000   Code   RO         2371    .ARM.Collect$$libinit$$00000019  c_w.l(libinit2.o)
    0x1a00018e   0x00000000   Code   RO         2373    .ARM.Collect$$libinit$$0000001B  c_w.l(libinit2.o)
    0x1a00018e   0x00000000   Code   RO         2375    .ARM.Collect$$libinit$$0000001D  c_w.l(libinit2.o)
    0x1a00018e   0x00000000   Code   RO         2377    .ARM.Collect$$libinit$$0000001F  c_w.l(libinit2.o)
    0x1a00018e   0x00000000   Code   RO         2379    .ARM.Collect$$libinit$$00000021  c_w.l(libinit2.o)
    0x1a00018e   0x00000000   Code   RO         2381    .ARM.Collect$$libinit$$00000023  c_w.l(libinit2.o)
    0x1a00018e   0x00000000   Code   RO         2385    .ARM.Collect$$libinit$$0000002A  c_w.l(libinit2.o)
    0x1a00018e   0x00000000   Code   RO         2387    .ARM.Collect$$libinit$$0000002C  c_w.l(libinit2.o)
    0x1a00018e   0x00000000   Code   RO         2389    .ARM.Collect$$libinit$$0000002E  c_w.l(libinit2.o)
    0x1a00018e   0x00000000   Code   RO         2391    .ARM.Collect$$libinit$$00000030  c_w.l(libinit2.o)
    0x1a00018e   0x00000002   Code   RO         2392    .ARM.Collect$$libinit$$00000031  c_w.l(libinit2.o)
    0x1a000190   0x00000002   Code   RO         2418    .ARM.Collect$$libshutdown$$00000000  c_w.l(libshutdown.o)
    0x1a000192   0x00000000   Code   RO         2448    .ARM.Collect$$libshutdown$$00000003  c_w.l(libshutdown2.o)
    0x1a000192   0x00000000   Code   RO         2451    .ARM.Collect$$libshutdown$$00000006  c_w.l(libshutdown2.o)
    0x1a000192   0x00000000   Code   RO         2454    .ARM.Collect$$libshutdown$$00000009  c_w.l(libshutdown2.o)
    0x1a000192   0x00000000   Code   RO         2456    .ARM.Collect$$libshutdown$$0000000B  c_w.l(libshutdown2.o)
    0x1a000192   0x00000000   Code   RO         2459    .ARM.Collect$$libshutdown$$0000000E  c_w.l(libshutdown2.o)
    0x1a000192   0x00000002   Code   RO         2460    .ARM.Collect$$libshutdown$$0000000F  c_w.l(libshutdown2.o)
    0x1a000194   0x00000000   Code   RO         2301    .ARM.Collect$$rtentry$$00000000  c_w.l(rtentry.o)
    0x1a000194   0x00000000   Code   RO         2309    .ARM.Collect$$rtentry$$00000002  c_w.l(rtentry2.o)
    0x1a000194   0x00000006   Code   RO         2321    .ARM.Collect$$rtentry$$00000004  c_w.l(rtentry4.o)
    0x1a00019a   0x00000000   Code   RO         2311    .ARM.Collect$$rtentry$$00000009  c_w.l(rtentry2.o)
    0x1a00019a   0x00000004   Code   RO         2312    .ARM.Collect$$rtentry$$0000000A  c_w.l(rtentry2.o)
    0x1a00019e   0x00000000   Code   RO         2314    .ARM.Collect$$rtentry$$0000000C  c_w.l(rtentry2.o)
    0x1a00019e   0x00000008   Code   RO         2315    .ARM.Collect$$rtentry$$0000000D  c_w.l(rtentry2.o)
    0x1a0001a6   0x00000002   Code   RO         2342    .ARM.Collect$$rtexit$$00000000  c_w.l(rtexit.o)
    0x1a0001a8   0x00000000   Code   RO         2394    .ARM.Collect$$rtexit$$00000002  c_w.l(rtexit2.o)
    0x1a0001a8   0x00000004   Code   RO         2395    .ARM.Collect$$rtexit$$00000003  c_w.l(rtexit2.o)
    0x1a0001ac   0x00000006   Code   RO         2396    .ARM.Collect$$rtexit$$00000004  c_w.l(rtexit2.o)
    0x1a0001b2   0x00000002   PAD
    0x1a0001b4   0x000000b0   Code   RO            3    .text               blinky_m4.o
    0x1a000264   0x0000001c   Code   RO          238    .text               sysinit.o
    0x1a000280   0x00000040   Code   RO          421    .text               keil_startup_lpc18xx43xx.o
    0x1a0002c0   0x00000124   Code   RO          427    .text               ipc_example.o
    0x1a0003e4   0x00000078   Code   RO          491    .text               m0_img_ldr.o
    0x1a00045c   0x00000214   Code   RO          514    .text               ipc_msg.o
    0x1a000670   0x0000008a   Code   RO         2293    .text               c_w.l(rt_memcpy_v6.o)
    0x1a0006fa   0x0000004e   Code   RO         2295    .text               c_w.l(rt_memclr_w.o)
    0x1a000748   0x00000006   Code   RO         2297    .text               c_w.l(heapauxi.o)
    0x1a00074e   0x00000064   Code   RO         2306    .text               c_w.l(rt_memcpy_w.o)
    0x1a0007b2   0x0000004a   Code   RO         2325    .text               c_w.l(sys_stackheap_outer.o)
    0x1a0007fc   0x0000000c   Code   RO         2327    .text               c_w.l(exit.o)
    0x1a000808   0x00000008   Code   RO         2339    .text               c_w.l(libspace.o)
    0x1a000810   0x00000028   Code   RO         1035    i.Board_Debug_Init  lib_lpc_board_keil_mcb_4357.lib(board.o)
    0x1a000838   0x00000060   Code   RO         1040    i.Board_Init        lib_lpc_board_keil_mcb_4357.lib(board.o)
    0x1a000898   0x0000007c   Code   RO         1479    i.Board_SetupClocking  lib_lpc_board_keil_mcb_4357.lib(board_sysinit.o)
    0x1a000914   0x0000005c   Code   RO         1480    i.Board_SetupExtMemory  lib_lpc_board_keil_mcb_4357.lib(board_sysinit.o)
    0x1a000970   0x0000003c   Code   RO         1481    i.Board_SetupMuxing  lib_lpc_board_keil_mcb_4357.lib(board_sysinit.o)
    0x1a0009ac   0x00000012   Code   RO         1482    i.Board_SystemInit  lib_lpc_board_keil_mcb_4357.lib(board_sysinit.o)
    0x1a0009be   0x00000002   PAD
    0x1a0009c0   0x00000010   Code   RO         1052    i.Board_UARTPutChar  lib_lpc_board_keil_mcb_4357.lib(board.o)
    0x1a0009d0   0x00000014   Code   RO         1053    i.Board_UARTPutSTR  lib_lpc_board_keil_mcb_4357.lib(board.o)
    0x1a0009e4   0x00000040   Code   RO         1054    i.Board_UART_Init   lib_lpc_board_keil_mcb_4357.lib(board.o)
    0x1a000a24   0x00000010   Code   RO          763    i.Chip_Clock_DisableMainPLL  lib_lpc_chip_43xx.lib(clock_18xx_43xx.o)
    0x1a000a34   0x00000034   Code   RO          765    i.Chip_Clock_Enable  lib_lpc_chip_43xx.lib(clock_18xx_43xx.o)
    0x1a000a68   0x00000034   Code   RO          767    i.Chip_Clock_EnableCrystal  lib_lpc_chip_43xx.lib(clock_18xx_43xx.o)
    0x1a000a9c   0x00000038   Code   RO          769    i.Chip_Clock_EnableOpts  lib_lpc_chip_43xx.lib(clock_18xx_43xx.o)
    0x1a000ad4   0x00000020   Code   RO          771    i.Chip_Clock_GetBaseClock  lib_lpc_chip_43xx.lib(clock_18xx_43xx.o)
    0x1a000af4   0x0000000e   Code   RO          773    i.Chip_Clock_GetBaseClocktHz  lib_lpc_chip_43xx.lib(clock_18xx_43xx.o)
    0x1a000b02   0x00000002   PAD
    0x1a000b04   0x000000a0   Code   RO          774    i.Chip_Clock_GetClockInputHz  lib_lpc_chip_43xx.lib(clock_18xx_43xx.o)
    0x1a000ba4   0x00000022   Code   RO          775    i.Chip_Clock_GetDivRate  lib_lpc_chip_43xx.lib(clock_18xx_43xx.o)
    0x1a000bc6   0x00000002   PAD
    0x1a000bc8   0x00000014   Code   RO          776    i.Chip_Clock_GetDividerDivisor  lib_lpc_chip_43xx.lib(clock_18xx_43xx.o)
    0x1a000bdc   0x0000001c   Code   RO          777    i.Chip_Clock_GetDividerSource  lib_lpc_chip_43xx.lib(clock_18xx_43xx.o)
    0x1a000bf8   0x00000028   Code   RO          778    i.Chip_Clock_GetEMCRate  lib_lpc_chip_43xx.lib(clock_18xx_43xx.o)
    0x1a000c20   0x0000005c   Code   RO          779    i.Chip_Clock_GetMainPLLHz  lib_lpc_chip_43xx.lib(clock_18xx_43xx.o)
    0x1a000c7c   0x0000007c   Code   RO          781    i.Chip_Clock_GetRate  lib_lpc_chip_43xx.lib(clock_18xx_43xx.o)
    0x1a000cf8   0x00000038   Code   RO          785    i.Chip_Clock_SetBaseClock  lib_lpc_chip_43xx.lib(clock_18xx_43xx.o)
    0x1a000d30   0x00000034   Code   RO          786    i.Chip_Clock_SetDivider  lib_lpc_chip_43xx.lib(clock_18xx_43xx.o)
    0x1a000d64   0x00000082   Code   RO          787    i.Chip_Clock_SetupMainPLLHz  lib_lpc_chip_43xx.lib(clock_18xx_43xx.o)
    0x1a000de6   0x00000002   PAD
    0x1a000de8   0x0000007c   Code   RO          788    i.Chip_Clock_SetupMainPLLMult  lib_lpc_chip_43xx.lib(clock_18xx_43xx.o)
    0x1a000e64   0x00000018   Code   RO          791    i.Chip_Clock_TestMainPLLMultiplier  lib_lpc_chip_43xx.lib(clock_18xx_43xx.o)
    0x1a000e7c   0x0000001c   Code   RO         1551    i.Chip_EMC_Dynamic_Init  lib_lpc_chip_43xx.lib(emc_18xx_43xx.o)
    0x1a000e98   0x0000001c   Code   RO         1553    i.Chip_EMC_Init     lib_lpc_chip_43xx.lib(emc_18xx_43xx.o)
    0x1a000eb4   0x0000001c   Code   RO         1556    i.Chip_EMC_Static_Init  lib_lpc_chip_43xx.lib(emc_18xx_43xx.o)
    0x1a000ed0   0x00000002   Code   RO         1624    i.Chip_GPIO_Init    lib_lpc_chip_43xx.lib(gpio_18xx_43xx.o)
    0x1a000ed2   0x00000014   Code   RO         1058    i.Chip_GPIO_SetPinDIROutput  lib_lpc_board_keil_mcb_4357.lib(board.o)
    0x1a000ee6   0x00000002   PAD
    0x1a000ee8   0x00000014   Code   RO          975    i.Chip_RGU_ClearReset  lib_lpc_chip_43xx.lib(rgu_18xx_43xx.o)
    0x1a000efc   0x00000018   Code   RO          977    i.Chip_RGU_TriggerReset  lib_lpc_chip_43xx.lib(rgu_18xx_43xx.o)
    0x1a000f14   0x00000010   Code   RO         1059    i.Chip_SCU_PinMuxSet  lib_lpc_board_keil_mcb_4357.lib(board.o)
    0x1a000f24   0x00000028   Code   RO         1483    i.Chip_SCU_SetPinMuxing  lib_lpc_board_keil_mcb_4357.lib(board_sysinit.o)
    0x1a000f4c   0x00000068   Code   RO         2145    i.Chip_SetupXtalClocking  lib_lpc_chip_43xx.lib(sysinit_18xx_43xx.o)
    0x1a000fb4   0x00000030   Code   RO         2022    i.Chip_UART_GetClockIndex  lib_lpc_chip_43xx.lib(uart_18xx_43xx.o)
    0x1a000fe4   0x00000040   Code   RO         2024    i.Chip_UART_Init    lib_lpc_chip_43xx.lib(uart_18xx_43xx.o)
    0x1a001024   0x0000003a   Code   RO         2032    i.Chip_UART_SetBaud  lib_lpc_chip_43xx.lib(uart_18xx_43xx.o)
    0x1a00105e   0x00000002   PAD
    0x1a001060   0x00000014   Code   RO          551    i.SystemCoreClockUpdate  lib_lpc_chip_43xx.lib(chip_18xx_43xx.o)
    0x1a001074   0x00000004   Code   RO         1061    i._sys_exit         lib_lpc_board_keil_mcb_4357.lib(board.o)
    0x1a001078   0x00000030   Code   RO         1557    i.convertTimmingParam  lib_lpc_chip_43xx.lib(emc_18xx_43xx.o)
    0x1a0010a8   0x0000003c   Code   RO         1007    i.fpuInit           lib_lpc_chip_43xx.lib(fpu_init.o)
    0x1a0010e4   0x00000196   Code   RO         1558    i.initDynMem        lib_lpc_chip_43xx.lib(emc_18xx_43xx.o)
    0x1a00127a   0x0000005e   Code   RO         1559    i.initStaticMem     lib_lpc_chip_43xx.lib(emc_18xx_43xx.o)
    0x1a0012d8   0x0000000a   Code   RO         2406    x$fpl$fpinit        fz_wm.l(fpinit.o)
    0x1a0012e2   0x0000006c   Data   RO          792    .constdata          lib_lpc_chip_43xx.lib(clock_18xx_43xx.o)
    0x1a00134e   0x00000010   Data   RO         1070    .constdata          lib_lpc_board_keil_mcb_4357.lib(board.o)
    0x1a00135e   0x00000002   PAD
    0x1a001360   0x00000004   Data   RO         1076    .constdata          lib_lpc_board_keil_mcb_4357.lib(board.o)
    0x1a001364   0x00000004   Data   RO         1077    .constdata          lib_lpc_board_keil_mcb_4357.lib(board.o)
    0x1a001368   0x000002bc   Data   RO         1484    .constdata          lib_lpc_board_keil_mcb_4357.lib(board_sysinit.o)
    0x1a001624   0x00000048   Data   RO         2147    .constdata          lib_lpc_chip_43xx.lib(sysinit_18xx_43xx.o)
    0x1a00166c   0x00000076   Data   RO          515    .conststring        ipc_msg.o
    0x1a0016e2   0x00000002   PAD
    0x1a0016e4   0x00000020   Data   RO         2461    Region$$Table       anon$$obj.o


==============================================================================

Image component sizes


      Code (inc. data)   RO Data    RW Data    ZI Data      Debug   Object Name

       176         42          0          0          0      32822   blinky_m4.o
       292         22          0          4        880       3917   ipc_example.o
       532        106        118         32          0       4051   ipc_msg.o
        64         24        276          0        512        824   keil_startup_lpc18xx43xx.o
       120          8          0          0          0       2427   m0_img_ldr.o
        28         10          0          0          0        445   sysinit.o

    ----------------------------------------------------------------------
      1212        212        428         36       1392      44486   Object Totals
         0          0         32          0          0          0   (incl. Generated)
         0          0          2          0          0          0   (incl. Padding)

    ----------------------------------------------------------------------

      Code (inc. data)   RO Data    RW Data    ZI Data      Debug   Library Member Name

         8          0          0          0          0         68   __main.o
        52          8          0          0          0          0   __scatter.o
        26          0          0          0          0          0   __scatter_copy.o
        28          0          0          0          0          0   __scatter_zi.o
        12          0          0          0          0         72   exit.o
         6          0          0          0          0        152   heapauxi.o
         2          0          0          0          0          0   libinit.o
         6          0          0          0          0          0   libinit2.o
         2          0          0          0          0          0   libshutdown.o
         2          0          0          0          0          0   libshutdown2.o
         8          4          0          0         96         68   libspace.o
        78          0          0          0          0         80   rt_memclr_w.o
       138          0          0          0          0         68   rt_memcpy_v6.o
       100          0          0          0          0         80   rt_memcpy_w.o
         0          0          0          0          0          0   rtentry.o
        12          0          0          0          0          0   rtentry2.o
         6          0          0          0          0          0   rtentry4.o
         2          0          0          0          0          0   rtexit.o
        10          0          0          0          0          0   rtexit2.o
        74          0          0          0          0         80   sys_stackheap_outer.o
        10          0          0          0          0        116   fpinit.o
       276         32         24          0          0      40044   board.o
       334         42        700          0          0       7616   board_sysinit.o
        20          6          0          4          0      12834   chip_18xx_43xx.o
      1106        166        108          8          0      11415   clock_18xx_43xx.o
       632         22          0          0          0       4028   emc_18xx_43xx.o
        60         14          0          0          0       1058   fpu_init.o
         2          0          0          0          0       2717   gpio_18xx_43xx.o
        44         10          0          0          0       1150   rgu_18xx_43xx.o
       104         18         72          0          0       1013   sysinit_18xx_43xx.o
       170         20          0          0          0       9142   uart_18xx_43xx.o

    ----------------------------------------------------------------------
      3346        342        906         12         96      91801   Library Totals
        16          0          2          0          0          0   (incl. Padding)

    ----------------------------------------------------------------------

      Code (inc. data)   RO Data    RW Data    ZI Data      Debug   Library Name

       572         12          0          0         96        668   c_w.l
        10          0          0          0          0        116   fz_wm.l
       610         74        724          0          0      47660   lib_lpc_board_keil_mcb_4357.lib
      2138        256        180         12          0      43357   lib_lpc_chip_43xx.lib

    ----------------------------------------------------------------------
      3346        342        906         12         96      91801   Library Totals

    ----------------------------------------------------------------------

==============================================================================


      Code (inc. data)   RO Data    RW Data    ZI Data      Debug   

      4558        554       1334         48       1488     131175   Grand Totals
      4558        554       1334         48       1488     131175   ELF Image Totals
      4558        554       1334         48          0          0   ROM Totals

==============================================================================

    Total RO  Size (Code + RO Data)                 5892 (   5.75kB)
    Total RW  Size (RW Data + ZI Data)              1536 (   1.50kB)
    Total ROM Size (Code + RO Data + RW Data)       5940 (   5.80kB)

==============================================================================

